Component: ARM Compiler 5.06 update 7 (build 960) Tool: armlink [4d3601]

==============================================================================

Section Cross References

    startup_stm32f103xe.o(STACK) refers (Special) to heapauxi.o(.text) for __use_two_region_memory
    startup_stm32f103xe.o(HEAP) refers (Special) to heapauxi.o(.text) for __use_two_region_memory
    startup_stm32f103xe.o(RESET) refers (Special) to heapauxi.o(.text) for __use_two_region_memory
    startup_stm32f103xe.o(RESET) refers to startup_stm32f103xe.o(STACK) for __initial_sp
    startup_stm32f103xe.o(RESET) refers to startup_stm32f103xe.o(.text) for Reset_Handler
    startup_stm32f103xe.o(RESET) refers to stm32f1xx_it.o(i.NMI_Handler) for NMI_Handler
    startup_stm32f103xe.o(RESET) refers to stm32f1xx_it.o(i.HardFault_Handler) for HardFault_Handler
    startup_stm32f103xe.o(RESET) refers to stm32f1xx_it.o(i.MemManage_Handler) for MemManage_Handler
    startup_stm32f103xe.o(RESET) refers to stm32f1xx_it.o(i.BusFault_Handler) for BusFault_Handler
    startup_stm32f103xe.o(RESET) refers to stm32f1xx_it.o(i.UsageFault_Handler) for UsageFault_Handler
    startup_stm32f103xe.o(RESET) refers to stm32f1xx_it.o(i.SVC_Handler) for SVC_Handler
    startup_stm32f103xe.o(RESET) refers to stm32f1xx_it.o(i.DebugMon_Handler) for DebugMon_Handler
    startup_stm32f103xe.o(RESET) refers to stm32f1xx_it.o(i.PendSV_Handler) for PendSV_Handler
    startup_stm32f103xe.o(RESET) refers to stm32f1xx_it.o(i.SysTick_Handler) for SysTick_Handler
    startup_stm32f103xe.o(RESET) refers to stm32f1xx_it.o(i.TIM3_IRQHandler) for TIM3_IRQHandler
    startup_stm32f103xe.o(RESET) refers to stm32f1xx_it.o(i.USART1_IRQHandler) for USART1_IRQHandler
    startup_stm32f103xe.o(.text) refers (Special) to heapauxi.o(.text) for __use_two_region_memory
    startup_stm32f103xe.o(.text) refers to system_stm32f1xx.o(i.SystemInit) for SystemInit
    startup_stm32f103xe.o(.text) refers to __main.o(!!!main) for __main
    startup_stm32f103xe.o(.text) refers to startup_stm32f103xe.o(HEAP) for Heap_Mem
    startup_stm32f103xe.o(.text) refers to startup_stm32f103xe.o(STACK) for Stack_Mem
    main.o(i.HAL_SYSTICK_Callback) refers to main.o(.data) for .data
    main.o(i.HAL_TIM_IC_CaptureCallback) refers to main.o(.bss) for .bss
    main.o(i.HAL_TIM_IC_CaptureCallback) refers to main.o(.data) for .data
    main.o(i.HAL_UART_RxCpltCallback) refers to stm32f1xx_hal_uart.o(i.HAL_UART_Receive_IT) for HAL_UART_Receive_IT
    main.o(i.HAL_UART_RxCpltCallback) refers to serial_interface.o(i.Process_Serial_Command) for Process_Serial_Command
    main.o(i.HAL_UART_RxCpltCallback) refers to main.o(.bss) for .bss
    main.o(i.HAL_UART_RxCpltCallback) refers to main.o(.data) for .data
    main.o(i.MX_GPIO_Init) refers to stm32f1xx_hal_gpio.o(i.HAL_GPIO_WritePin) for HAL_GPIO_WritePin
    main.o(i.MX_GPIO_Init) refers to stm32f1xx_hal_gpio.o(i.HAL_GPIO_Init) for HAL_GPIO_Init
    main.o(i.MX_TIM2_Init) refers to rt_memclr_w.o(.text) for __aeabi_memclr4
    main.o(i.MX_TIM2_Init) refers to stm32f1xx_hal_tim.o(i.HAL_TIM_PWM_Init) for HAL_TIM_PWM_Init
    main.o(i.MX_TIM2_Init) refers to stm32f1xx_hal_tim_ex.o(i.HAL_TIMEx_MasterConfigSynchronization) for HAL_TIMEx_MasterConfigSynchronization
    main.o(i.MX_TIM2_Init) refers to stm32f1xx_hal_tim.o(i.HAL_TIM_PWM_ConfigChannel) for HAL_TIM_PWM_ConfigChannel
    main.o(i.MX_TIM2_Init) refers to stm32f1xx_hal_msp.o(i.HAL_TIM_MspPostInit) for HAL_TIM_MspPostInit
    main.o(i.MX_TIM2_Init) refers to main.o(.bss) for .bss
    main.o(i.MX_TIM3_Init) refers to rt_memclr_w.o(.text) for __aeabi_memclr4
    main.o(i.MX_TIM3_Init) refers to stm32f1xx_hal_tim.o(i.HAL_TIM_Encoder_Init) for HAL_TIM_Encoder_Init
    main.o(i.MX_TIM3_Init) refers to stm32f1xx_hal_tim_ex.o(i.HAL_TIMEx_MasterConfigSynchronization) for HAL_TIMEx_MasterConfigSynchronization
    main.o(i.MX_TIM3_Init) refers to main.o(.bss) for .bss
    main.o(i.SystemClock_Config) refers to rt_memclr_w.o(.text) for __aeabi_memclr4
    main.o(i.SystemClock_Config) refers to stm32f1xx_hal_rcc.o(i.HAL_RCC_OscConfig) for HAL_RCC_OscConfig
    main.o(i.SystemClock_Config) refers to stm32f1xx_hal_rcc.o(i.HAL_RCC_ClockConfig) for HAL_RCC_ClockConfig
    main.o(i.Vofa_SendData) refers to stm32f1xx_hal_uart.o(i.HAL_UART_Transmit) for HAL_UART_Transmit
    main.o(i.Vofa_SendData) refers to main.o(.bss) for .bss
    main.o(i._write) refers to stm32f1xx_hal_uart.o(i.HAL_UART_Transmit) for HAL_UART_Transmit
    main.o(i._write) refers to main.o(.bss) for .bss
    main.o(i.main) refers to _printf_percent.o(.ARM.Collect$$_printf_percent$$00000000) for _printf_percent
    main.o(i.main) refers to _printf_d.o(.ARM.Collect$$_printf_percent$$00000009) for _printf_d
    main.o(i.main) refers to _printf_dec.o(.text) for _printf_int_dec
    main.o(i.main) refers to _printf_f.o(.ARM.Collect$$_printf_percent$$00000003) for _printf_f
    main.o(i.main) refers to printf1.o(x$fpl$printf1) for _printf_fp_dec
[...]
    last_calc_time                           0x20000010   Data           4  pid_controller.o(.data)
    .data                                    0x20000014   Section       12  stm32f1xx_hal.o(.data)
    .data                                    0x20000020   Section        4  system_stm32f1xx.o(.data)
    .data                                    0x20000024   Section        4  stdio_streams.o(.data)
    .data                                    0x20000028   Section        4  stdio_streams.o(.data)
    .data                                    0x2000002c   Section        4  stdio_streams.o(.data)
    .bss                                     0x20000030   Section      316  main.o(.bss)
    .bss                                     0x2000016c   Section       20  motor_control.o(.bss)
    .bss                                     0x20000180   Section       36  pid_controller.o(.bss)
    .bss                                     0x200001a4   Section       84  stdio_streams.o(.bss)
    .bss                                     0x200001f8   Section       84  stdio_streams.o(.bss)
    .bss                                     0x2000024c   Section       84  stdio_streams.o(.bss)
    .bss                                     0x200002a0   Section       96  libspace.o(.bss)
    HEAP                                     0x20000300   Section      512  startup_stm32f103xe.o(HEAP)
    Heap_Mem                                 0x20000300   Data         512  startup_stm32f103xe.o(HEAP)
    STACK                                    0x20000500   Section     1024  startup_stm32f103xe.o(STACK)
    Stack_Mem                                0x20000500   Data        1024  startup_stm32f103xe.o(STACK)
    __initial_sp                             0x20000900   Data           0  startup_stm32f103xe.o(STACK)

    Global Symbols

    Symbol Name                              Value     Ov Type        Size  Object(Section)

    BuildAttributes$$THM_ISAv4$P$D$K$B$S$PE$A:L22UL41UL21$X:L11$S22US41US21$IEEE1$IW$USESV6$~STKCKD$USESV7$~SHL$OTIME$ROPI$IEEEX$EBA8$UX$STANDARDLIB$REQ8$PRES8$EABIv2 0x00000000   Number         0  anon$$obj.o ABSOLUTE
    __ARM_use_no_argv                        0x00000000   Number         0  main.o ABSOLUTE
    _printf_flags                            0x00000000   Number         0  printf_stubs.o ABSOLUTE
    _printf_return_value                     0x00000000   Number         0  printf_stubs.o ABSOLUTE
    _printf_sizespec                         0x00000000   Number         0  printf_stubs.o ABSOLUTE
    _printf_widthprec                        0x00000000   Number         0  printf_stubs.o ABSOLUTE
    __ARM_exceptions_init                     - Undefined Weak Reference
    __alloca_initialize                       - Undefined Weak Reference
    __arm_fini_                               - Undefined Weak Reference
    __arm_preinit_                            - Undefined Weak Reference
    __cpp_initialize__aeabi_                  - Undefined Weak Reference
    __cxa_finalize                            - Undefined Weak Reference
    __sigvec_lookup                           - Undefined Weak Reference
    __user_heap_extent                        - Undefined Weak Reference
    _atexit_init                              - Undefined Weak Reference
    _call_atexit_fns                          - Undefined Weak Reference
    _clock_init                               - Undefined Weak Reference
    _fp_trap_init                             - Undefined Weak Reference
    _fp_trap_shutdown                         - Undefined Weak Reference
    _get_lc_collate                           - Undefined Weak Reference
    _get_lc_monetary                          - Undefined Weak Reference
    _get_lc_time                              - Undefined Weak Reference
    _getenv_init                              - Undefined Weak Reference
    _handle_redirection                       - Undefined Weak Reference
    _mutex_acquire                            - Undefined Weak Reference
    _mutex_free                               - Undefined Weak Reference
    _mutex_release                            - Undefined Weak Reference
    _printf_mbtowc                            - Undefined Weak Reference
    _printf_post_padding                      - Undefined Weak Reference
    _printf_pre_padding                       - Undefined Weak Reference
    _printf_truncate_signed                   - Undefined Weak Reference
    _printf_truncate_unsigned                 - Undefined Weak Reference
    _rand_init                                - Undefined Weak Reference
    _scanf_int                                - Undefined Weak Reference
    _scanf_longlong                           - Undefined Weak Reference
    _scanf_mbtowc                             - Undefined Weak Reference
    _scanf_string                             - Undefined Weak Reference
    _scanf_wctomb                             - Undefined Weak Reference
    _scanf_wstring                            - Undefined Weak Reference
    _signal_finish                            - Undefined Weak Reference
    _signal_init                              - Undefined Weak Reference
    __Vectors_Size                           0x00000130   Number         0  startup_stm32f103xe.o ABSOLUTE
    __Vectors                                0x08000000   Data           4  startup_stm32f103xe.o(RESET)
    __Vectors_End                            0x08000130   Data           0  startup_stm32f103xe.o(RESET)
    __main                                   0x08000131   Thumb Code     8  __main.o(!!!main)
    __scatterload                            0x08000139   Thumb Code     0  __scatter.o(!!!scatter)
    __scatterload_rt2                        0x08000139   Thumb Code    44  __scatter.o(!!!scatter)
    __scatterload_rt2_thumb_only             0x08000139   Thumb Code     0  __scatter.o(!!!scatter)
    __scatterload_null                       0x08000147   Thumb Code     0  __scatter.o(!!!scatter)
    __scatterload_copy                       0x0800016d   Thumb Code    26  __scatter_copy.o(!!handler_copy)
    __scatterload_zeroinit                   0x08000189   Thumb Code    28  __scatter_zi.o(!!handler_zi)
    _printf_f                                0x080001a5   Thumb Code     0  _printf_f.o(.ARM.Collect$$_printf_percent$$00000003)
    _printf_percent                          0x080001a5   Thumb Code     0  _printf_percent.o(.ARM.Collect$$_printf_percent$$00000000)
    _printf_d                                0x080001ab   Thumb Code     0  _printf_d.o(.ARM.Collect$$_printf_percent$$00000009)
    _printf_u                                0x080001b1   Thumb Code     0  _printf_u.o(.ARM.Collect$$_printf_percent$$0000000A)
    _printf_s                                0x080001b7   Thumb Code     0  _printf_s.o(.ARM.Collect$$_printf_percent$$00000014)
    _printf_percent_end                      0x080001bd   Thumb Code     0  _printf_percent_end.o(.ARM.Collect$$_printf_percent$$00000017)
    __rt_lib_init                            0x080001c1   Thumb Code     0  libinit.o(.ARM.Collect$$libinit$$00000000)
    __rt_lib_init_fp_1                       0x080001c3   Thumb Code     0  libinit2.o(.ARM.Collect$$libinit$$00000002)
    __rt_lib_init_heap_2                     0x080001c3   Thumb Code     0  libinit2.o(.ARM.Collect$$libinit$$00000005)
    __rt_lib_init_preinit_1                  0x080001c3   Thumb Code     0  libinit2.o(.ARM.Collect$$libinit$$00000004)
    __rt_lib_init_heap_1                     0x080001cb   Thumb Code     0  libinit2.o(.ARM.Collect$$libinit$$0000000A)
    __rt_lib_init_lc_common                  0x080001cb   Thumb Code     0  libinit2.o(.ARM.Collect$$libinit$$0000000F)
    __rt_lib_init_rand_1                     0x080001cb   Thumb Code     0  libinit2.o(.ARM.Collect$$libinit$$0000000E)
    __rt_lib_init_user_alloc_1               0x080001cb   Thumb Code     0  libinit2.o(.ARM.Collect$$libinit$$0000000C)
    __rt_lib_init_lc_collate_1               0x080001d1   Thumb Code     0  libinit2.o(.ARM.Collect$$libinit$$00000011)
    __rt_lib_init_lc_ctype_2                 0x080001d1   Thumb Code     0  libinit2.o(.ARM.Collect$$libinit$$00000012)
    __rt_lib_init_lc_ctype_1                 0x080001dd   Thumb Code     0  libinit2.o(.ARM.Collect$$libinit$$00000013)
    __rt_lib_init_lc_monetary_1              0x080001dd   Thumb Code     0  libinit2.o(.ARM.Collect$$libinit$$00000015)
    __rt_lib_init_lc_numeric_2               0x080001dd   Thumb Code     0  libinit2.o(.ARM.Collect$$libinit$$00000016)
    __rt_lib_init_atexit_1                   0x080001e7   Thumb Code     0  libinit2.o(.ARM.Collect$$libinit$$0000001B)
    __rt_lib_init_clock_1                    0x080001e7   Thumb Code     0  libinit2.o(.ARM.Collect$$libinit$$00000021)
    __rt_lib_init_fp_trap_1                  0x080001e7   Thumb Code     0  libinit2.o(.ARM.Collect$$libinit$$0000001F)
    __rt_lib_init_getenv_1                   0x080001e7   Thumb Code     0  libinit2.o(.ARM.Collect$$libinit$$00000023)
    __rt_lib_init_lc_numeric_1               0x080001e7   Thumb Code     0  libinit2.o(.ARM.Collect$$libinit$$00000017)
    __rt_lib_init_lc_time_1                  0x080001e7   Thumb Code     0  libinit2.o(.ARM.Collect$$libinit$$00000019)
    __rt_lib_init_signal_1                   0x080001e7   Thumb Code     0  libinit2.o(.ARM.Collect$$libinit$$0000001D)
    __rt_lib_init_stdio_2                    0x080001e7   Thumb Code     0  libinit2.o(.ARM.Collect$$libinit$$00000024)
    __rt_lib_init_alloca_1                   0x080001eb   Thumb Code     0  libinit2.o(.ARM.Collect$$libinit$$0000002E)
    __rt_lib_init_argv_1                     0x080001eb   Thumb Code     0  libinit2.o(.ARM.Collect$$libinit$$0000002C)
    __rt_lib_init_cpp_1                      0x080001eb   Thumb Code     0  libinit2.o(.ARM.Collect$$libinit$$00000032)
    __rt_lib_init_exceptions_1               0x080001eb   Thumb Code     0  libinit2.o(.ARM.Collect$$libinit$$00000030)
    __rt_lib_init_return                     0x080001eb   Thumb Code     0  libinit2.o(.ARM.Collect$$libinit$$00000033)
    __rt_lib_init_stdio_1                    0x080001eb   Thumb Code     0  libinit2.o(.ARM.Collect$$libinit$$00000025)
    __rt_lib_shutdown                        0x080001ed   Thumb Code     0  libshutdown.o(.ARM.Collect$$libshutdown$$00000000)
    __rt_lib_shutdown_cpp_1                  0x080001ef   Thumb Code     0  libshutdown2.o(.ARM.Collect$$libshutdown$$00000004)
    __rt_lib_shutdown_fini_1                 0x080001ef   Thumb Code     0  libshutdown2.o(.ARM.Collect$$libshutdown$$00000002)
    __rt_lib_shutdown_stdio_2                0x080001ef   Thumb Code     0  libshutdown2.o(.ARM.Collect$$libshutdown$$00000005)
    __rt_lib_shutdown_fp_trap_1              0x080001f3   Thumb Code     0  libshutdown2.o(.ARM.Collect$$libshutdown$$00000009)
    __rt_lib_shutdown_heap_1                 0x080001f3   Thumb Code     0  libshutdown2.o(.ARM.Collect$$libshutdown$$00000011)
    __rt_lib_shutdown_return                 0x080001f3   Thumb Code     0  libshutdown2.o(.ARM.Collect$$libshutdown$$00000012)
    __rt_lib_shutdown_signal_1               0x080001f3   Thumb Code     0  libshutdown2.o(.ARM.Collect$$libshutdown$$0000000C)
    __rt_lib_shutdown_stdio_1                0x080001f3   Thumb Code     0  libshutdown2.o(.ARM.Collect$$libshutdown$$00000006)
    __rt_lib_shutdown_user_alloc_1           0x080001f3   Thumb Code     0  libshutdown2.o(.ARM.Collect$$libshutdown$$0000000E)
    __rt_entry                               0x080001f5   Thumb Code     0  __rtentry.o(.ARM.Collect$$rtentry$$00000000)
    __rt_entry_presh_1                       0x080001f5   Thumb Code     0  __rtentry2.o(.ARM.Collect$$rtentry$$00000002)
    __rt_entry_sh                            0x080001f5   Thumb Code     0  __rtentry4.o(.ARM.Collect$$rtentry$$00000004)
    __rt_entry_li                            0x080001fb   Thumb Code     0  __rtentry2.o(.ARM.Collect$$rtentry$$0000000A)
    __rt_entry_postsh_1                      0x080001fb   Thumb Code     0  __rtentry2.o(.ARM.Collect$$rtentry$$00000009)
    __rt_entry_main                          0x080001ff   Thumb Code     0  __rtentry2.o(.ARM.Collect$$rtentry$$0000000D)
    __rt_entry_postli_1                      0x080001ff   Thumb Code     0  __rtentry2.o(.ARM.Collect$$rtentry$$0000000C)
    __rt_exit                                0x08000207   Thumb Code     0  rtexit.o(.ARM.Collect$$rtexit$$00000000)
    __rt_exit_ls                             0x08000209   Thumb Code     0  rtexit2.o(.ARM.Collect$$rtexit$$00000003)
    __rt_exit_prels_1                        0x08000209   Thumb Code     0  rtexit2.o(.ARM.Collect$$rtexit$$00000002)
    __rt_exit_exit                           0x0800020d   Thumb Code     0  rtexit2.o(.ARM.Collect$$rtexit$$00000004)
    Reset_Handler                            0x08000215   Thumb Code     8  startup_stm32f103xe.o(.text)
    _maybe_terminate_alloc                   0x08000215   Thumb Code     0  maybetermalloc1.o(.emb_text)
    ADC1_2_IRQHandler                        0x0800022f   Thumb Code     0  startup_stm32f103xe.o(.text)
    ADC3_IRQHandler                          0x0800022f   Thumb Code     0  startup_stm32f103xe.o(.text)
    CAN1_RX1_IRQHandler                      0x0800022f   Thumb Code     0  startup_stm32f103xe.o(.text)
    CAN1_SCE_IRQHandler                      0x0800022f   Thumb Code     0  startup_stm32f103xe.o(.text)
    DMA1_Channel1_IRQHandler                 0x0800022f   Thumb Code     0  startup_stm32f103xe.o(.text)
    DMA1_Channel2_IRQHandler                 0x0800022f   Thumb Code     0  startup_stm32f103xe.o(.text)
    DMA1_Channel3_IRQHandler                 0x0800022f   Thumb Code     0  startup_stm32f103xe.o(.text)
    DMA1_Channel4_IRQHandler                 0x0800022f   Thumb Code     0  startup_stm32f103xe.o(.text)
    DMA1_Channel5_IRQHandler                 0x0800022f   Thumb Code     0  startup_stm32f103xe.o(.text)
    DMA1_Channel6_IRQHandler                 0x0800022f   Thumb Code     0  startup_stm32f103xe.o(.text)
    DMA1_Channel7_IRQHandler                 0x0800022f   Thumb Code     0  startup_stm32f103xe.o(.text)
    DMA2_Channel1_IRQHandler                 0x0800022f   Thumb Code     0  startup_stm32f103xe.o(.text)
    DMA2_Channel2_IRQHandler                 0x0800022f   Thumb Code     0  startup_stm32f103xe.o(.text)
    DMA2_Channel3_IRQHandler                 0x0800022f   Thumb Code     0  startup_stm32f103xe.o(.text)
    DMA2_Channel4_5_IRQHandler               0x0800022f   Thumb Code     0  startup_stm32f103xe.o(.text)
    EXTI0_IRQHandler                         0x0800022f   Thumb Code     0  startup_stm32f103xe.o(.text)
    EXTI15_10_IRQHandler                     0x0800022f   Thumb Code     0  startup_stm32f103xe.o(.text)
    EXTI1_IRQHandler                         0x0800022f   Thumb Code     0  startup_stm32f103xe.o(.text)
    EXTI2_IRQHandler                         0x0800022f   Thumb Code     0  startup_stm32f103xe.o(.text)
    EXTI3_IRQHandler                         0x0800022f   Thumb Code     0  startup_stm32f103xe.o(.text)
    EXTI4_IRQHandler                         0x0800022f   Thumb Code     0  startup_stm32f103xe.o(.text)
    EXTI9_5_IRQHandler                       0x0800022f   Thumb Code     0  startup_stm32f103xe.o(.text)
    FLASH_IRQHandler                         0x0800022f   Thumb Code     0  startup_stm32f103xe.o(.text)
    FSMC_IRQHandler                          0x0800022f   Thumb Code     0  startup_stm32f103xe.o(.text)
    I2C1_ER_IRQHandler                       0x0800022f   Thumb Code     0  startup_stm32f103xe.o(.text)
    I2C1_EV_IRQHandler                       0x0800022f   Thumb Code     0  startup_stm32f103xe.o(.text)
    I2C2_ER_IRQHandler                       0x0800022f   Thumb Code     0  startup_stm32f103xe.o(.text)
    I2C2_EV_IRQHandler                       0x0800022f   Thumb Code     0  startup_stm32f103xe.o(.text)
    PVD_IRQHandler                           0x0800022f   Thumb Code     0  startup_stm32f103xe.o(.text)
    RCC_IRQHandler                           0x0800022f   Thumb Code     0  startup_stm32f103xe.o(.text)
    RTC_Alarm_IRQHandler                     0x0800022f   Thumb Code     0  startup_stm32f103xe.o(.text)
    RTC_IRQHandler                           0x0800022f   Thumb Code     0  startup_stm32f103xe.o(.text)
    SDIO_IRQHandler                          0x0800022f   Thumb Code     0  startup_stm32f103xe.o(.text)
    SPI1_IRQHandler                          0x0800022f   Thumb Code     0  startup_stm32f103xe.o(.text)
    SPI2_IRQHandler                          0x0800022f   Thumb Code     0  startup_stm32f103xe.o(.text)
    SPI3_IRQHandler                          0x0800022f   Thumb Code     0  startup_stm32f103xe.o(.text)
    TAMPER_IRQHandler                        0x0800022f   Thumb Code     0  startup_stm32f103xe.o(.text)
    TIM1_BRK_IRQHandler                      0x0800022f   Thumb Code     0  startup_stm32f103xe.o(.text)
    TIM1_CC_IRQHandler                       0x0800022f   Thumb Code     0  startup_stm32f103xe.o(.text)
    TIM1_TRG_COM_IRQHandler                  0x0800022f   Thumb Code     0  startup_stm32f103xe.o(.text)
    TIM1_UP_IRQHandler                       0x0800022f   Thumb Code     0  startup_stm32f103xe.o(.text)
    TIM2_IRQHandler                          0x0800022f   Thumb Code     0  startup_stm32f103xe.o(.text)
    TIM4_IRQHandler                          0x0800022f   Thumb Code     0  startup_stm32f103xe.o(.text)
    TIM5_IRQHandler                          0x0800022f   Thumb Code     0  startup_stm32f103xe.o(.text)
    TIM6_IRQHandler                          0x0800022f   Thumb Code     0  startup_stm32f103xe.o(.text)
    TIM7_IRQHandler                          0x0800022f   Thumb Code     0  startup_stm32f103xe.o(.text)
    TIM8_BRK_IRQHandler                      0x0800022f   Thumb Code     0  startup_stm32f103xe.o(.text)
    TIM8_CC_IRQHandler                       0x0800022f   Thumb Code     0  startup_stm32f103xe.o(.text)
    TIM8_TRG_COM_IRQHandler                  0x0800022f   Thumb Code     0  startup_stm32f103xe.o(.text)
    TIM8_UP_IRQHandler                       0x0800022f   Thumb Code     0  startup_stm32f103xe.o(.text)
    UART4_IRQHandler                         0x0800022f   Thumb Code     0  startup_stm32f103xe.o(.text)
    UART5_IRQHandler                         0x0800022f   Thumb Code     0  startup_stm32f103xe.o(.text)
    USART2_IRQHandler                        0x0800022f   Thumb Code     0  startup_stm32f103xe.o(.text)
    USART3_IRQHandler                        0x0800022f   Thumb Code     0  startup_stm32f103xe.o(.text)
    USBWakeUp_IRQHandler                     0x0800022f   Thumb Code     0  startup_stm32f103xe.o(.text)
    USB_HP_CAN1_TX_IRQHandler                0x0800022f   Thumb Code     0  startup_stm32f103xe.o(.text)
    USB_LP_CAN1_RX0_IRQHandler               0x0800022f   Thumb Code     0  startup_stm32f103xe.o(.text)
    WWDG_IRQHandler                          0x0800022f   Thumb Code     0  startup_stm32f103xe.o(.text)
    __user_initial_stackheap                 0x08000231   Thumb Code     0  startup_stm32f103xe.o(.text)
    __2printf                                0x08000255   Thumb Code    20  noretval__2printf.o(.text)
    _printf_str                              0x0800026d   Thumb Code    82  _printf_str.o(.text)
    _printf_int_dec                          0x080002c1   Thumb Code   104  _printf_dec.o(.text)
    __printf                                 0x08000339   Thumb Code   270  __printf_wp.o(.text)
    __0sscanf                                0x08000449   Thumb Code    52  __0sscanf.o(.text)
    __aeabi_memclr4                          0x08000485   Thumb Code     0  rt_memclr_w.o(.text)
    __aeabi_memclr8                          0x08000485   Thumb Code     0  rt_memclr_w.o(.text)
    __rt_memclr_w                            0x08000485   Thumb Code    78  rt_memclr_w.o(.text)
    _memset_w                                0x08000489   Thumb Code     0  rt_memclr_w.o(.text)
    strcmp                                   0x080004d5   Thumb Code   128  strcmpv7m.o(.text)
    __use_two_region_memory                  0x08000555   Thumb Code     2  heapauxi.o(.text)
    __rt_heap_escrow                         0x08000557   Thumb Code     2  heapauxi.o(.text)
    __rt_heap_expand                         0x08000559   Thumb Code     2  heapauxi.o(.text)
    _printf_int_common                       0x0800055b   Thumb Code   178  _printf_intcommon.o(.text)
    __lib_sel_fp_printf                      0x0800060d   Thumb Code     2  _printf_fp_dec.o(.text)
    _printf_fp_dec_real                      0x080007bf   Thumb Code   620  _printf_fp_dec.o(.text)
    _printf_cs_common                        0x08000a2b   Thumb Code    20  _printf_char.o(.text)
    _printf_char                             0x08000a3f   Thumb Code    16  _printf_char.o(.text)
    _printf_string                           0x08000a4f   Thumb Code     8  _printf_char.o(.text)
    _printf_char_file                        0x08000a59   Thumb Code    32  _printf_char_file.o(.text)
    _scanf_really_real                       0x08000cc9   Thumb Code   684  scanf_fp.o(.text)
    __vfscanf_char                           0x08000f81   Thumb Code    24  scanf_char.o(.text)
    _sgetc                                   0x08000fa1   Thumb Code    30  _sgetc.o(.text)
    _sbackspace                              0x08000fbf   Thumb Code    34  _sgetc.o(.text)
    __rt_locale                              0x08000fe1   Thumb Code     8  rt_locale_intlibspace.o(.text)
    __aeabi_errno_addr                       0x08000fe9   Thumb Code     8  rt_errno_addr_intlibspace.o(.text)
    __errno$intlibspace                      0x08000fe9   Thumb Code     0  rt_errno_addr_intlibspace.o(.text)
    __rt_errno_addr$intlibspace              0x08000fe9   Thumb Code     0  rt_errno_addr_intlibspace.o(.text)
    _ll_udiv10                               0x08000ff1   Thumb Code   138  lludiv10.o(.text)
    isspace                                  0x0800107b   Thumb Code    18  isspace.o(.text)
    _printf_char_common                      0x08001097   Thumb Code    32  _printf_char_common.o(.text)
    _printf_fp_infnan                        0x080010bd   Thumb Code   112  _printf_fp_infnan.o(.text)
    __vfscanf                                0x0800113d   Thumb Code   880  _scanf.o(.text)
    _btod_etento                             0x080014b1   Thumb Code   224  bigflt0.o(.text)
    ferror                                   0x08001595   Thumb Code     8  ferror.o(.text)
    _initio                                  0x0800159d   Thumb Code   210  initio.o(.text)
    _terminateio                             0x0800166f   Thumb Code    56  initio.o(.text)
    _sys_open                                0x080016d5   Thumb Code    20  sys_io.o(.text)
    _sys_close                               0x080016e9   Thumb Code    12  sys_io.o(.text)
    _sys_write                               0x080016f5   Thumb Code    16  sys_io.o(.text)
    _sys_read                                0x08001705   Thumb Code    14  sys_io.o(.text)
    _sys_istty                               0x08001713   Thumb Code    12  sys_io.o(.text)
    _sys_seek                                0x0800171f   Thumb Code    14  sys_io.o(.text)
    _sys_ensure                              0x0800172d   Thumb Code     2  sys_io.o(.text)
    _sys_flen                                0x0800172f   Thumb Code    12  sys_io.o(.text)
    __user_libspace                          0x0800173d   Thumb Code     8  libspace.o(.text)
    __user_perproc_libspace                  0x0800173d   Thumb Code     0  libspace.o(.text)
    __user_perthread_libspace                0x0800173d   Thumb Code     0  libspace.o(.text)
    __user_setup_stackheap                   0x08001745   Thumb Code    74  sys_stackheap_outer.o(.text)
    __rt_ctype_table                         0x08001791   Thumb Code    16  rt_ctype_table.o(.text)
    free                                     0x080017a1   Thumb Code    78  h1_free.o(.text)
    __read_errno                             0x080017ef   Thumb Code    10  _rserrno.o(.text)
    __set_errno                              0x080017f9   Thumb Code    12  _rserrno.o(.text)
    _scanf_really_hex_real                   0x08001805   Thumb Code   786  scanf_hexfp.o(.text)
    _scanf_really_infnan                     0x08001b25   Thumb Code   292  scanf_infnan.o(.text)
    __flsbuf                                 0x08001c59   Thumb Code   470  flsbuf.o(.text)
    __flsbuf_byte                            0x08001c59   Thumb Code     0  flsbuf.o(.text)
    __flsbuf_wide                            0x08001c59   Thumb Code     0  flsbuf.o(.text)
    setvbuf                                  0x08001e2f   Thumb Code    70  setvbuf.o(.text)
    freopen                                  0x08001e75   Thumb Code   158  fopen.o(.text)
    fopen                                    0x08001f13   Thumb Code    74  fopen.o(.text)
    _fclose_internal                         0x08001f61   Thumb Code    76  fclose.o(.text)
    fclose                                   0x08001f61   Thumb Code     0  fclose.o(.text)
    exit                                     0x08001fad   Thumb Code    18  exit.o(.text)
    __rt_SIGRTRED                            0x08001fbf   Thumb Code    14  defsig_rtred_outer.o(.text)
    __I$use$semihosting                      0x08001fcd   Thumb Code     0  use_no_semi.o(.text)
    __use_no_semihosting_swi                 0x08001fcd   Thumb Code     2  use_no_semi.o(.text)
    __semihosting_library_function           0x08001fcf   Thumb Code     0  indicate_semi.o(.text)
    __rt_heap_descriptor                     0x08001fd1   Thumb Code     8  rt_heap_descriptor_intlibspace.o(.text)
    __use_no_heap                            0x08001fd9   Thumb Code     2  hguard.o(.text)
    __heap$guard                             0x08001fdb   Thumb Code     2  hguard.o(.text)
    _terminate_user_alloc                    0x08001fdd   Thumb Code     2  init_alloc.o(.text)
    _init_user_alloc                         0x08001fdf   Thumb Code     2  init_alloc.o(.text)
    __Heap_Full                              0x08001fe1   Thumb Code    34  init_alloc.o(.text)
    __Heap_Broken                            0x08002003   Thumb Code     6  init_alloc.o(.text)
    _init_alloc                              0x08002009   Thumb Code    94  init_alloc.o(.text)
    malloc                                   0x08002067   Thumb Code    94  h1_alloc.o(.text)
    __aeabi_llsl                             0x080020c5   Thumb Code     0  llshl.o(.text)
    _ll_shift_l                              0x080020c5   Thumb Code    38  llshl.o(.text)
    _chval                                   0x080020eb   Thumb Code    28  _chval.o(.text)
    _fseek                                   0x08002109   Thumb Code   242  fseek.o(.text)
    fseek                                    0x08002109   Thumb Code     0  fseek.o(.text)
    _seterr                                  0x08002201   Thumb Code    20  stdio.o(.text)
    _writebuf                                0x08002215   Thumb Code    84  stdio.o(.text)
    _fflush                                  0x08002269   Thumb Code    70  stdio.o(.text)
    _deferredlazyseek                        0x080022af   Thumb Code    60  stdio.o(.text)
    __sig_exit                               0x080022f1   Thumb Code    10  defsig_exit.o(.text)
    __rt_SIGRTRED_inner                      0x080022fd   Thumb Code    14  defsig_rtred_inner.o(.text)
    strlen                                   0x08002331   Thumb Code    62  strlen.o(.text)
    _sys_exit                                0x08002371   Thumb Code     8  sys_exit.o(.text)
    __Heap_Initialize                        0x0800237d   Thumb Code    10  h1_init.o(.text)
    __Heap_DescSize                          0x08002387   Thumb Code     4  h1_init.o(.text)
    __Heap_ProvideMemory                     0x0800238b   Thumb Code    52  h1_extend.o(.text)
    _ftell_internal                          0x080023bf   Thumb Code    66  ftell.o(.text)
    ftell                                    0x080023bf   Thumb Code     0  ftell.o(.text)
    __default_signal_display                 0x08002401   Thumb Code    50  defsig_general.o(.text)
    __rt_SIGRTMEM                            0x08002433   Thumb Code    14  defsig_rtmem_outer.o(.text)
    _ttywrch                                 0x08002441   Thumb Code    14  sys_wrch.o(.text)
    __rt_SIGRTMEM_inner                      0x08002451   Thumb Code    22  defsig_rtmem_inner.o(.text)
    _btod_d2e                                0x080024a1   Thumb Code    62  btod.o(CL$$btod_d2e)
    _d2e_denorm_low                          0x080024df   Thumb Code    70  btod.o(CL$$btod_d2e_denorm_low)
    _d2e_norm_op1                            0x08002525   Thumb Code    96  btod.o(CL$$btod_d2e_norm_op1)
    __btod_div_common                        0x08002585   Thumb Code   696  btod.o(CL$$btod_div_common)
    _e2d                                     0x080028bd   Thumb Code   122  btod.o(CL$$btod_e2d)
    _e2e                                     0x08002941   Thumb Code   220  btod.o(CL$$btod_e2e)
    _btod_ediv                               0x08002a1d   Thumb Code    42  btod.o(CL$$btod_ediv)
    _btod_edivd                              0x08002a47   Thumb Code    42  btod.o(CL$$btod_edivd)
    _btod_emul                               0x08002a71   Thumb Code    42  btod.o(CL$$btod_emul)
    _btod_emuld                              0x08002a9b   Thumb Code    42  btod.o(CL$$btod_emuld)
    __btod_mult_common                       0x08002ac5   Thumb Code   580  btod.o(CL$$btod_mult_common)
    BusFault_Handler                         0x08002d09   Thumb Code     2  stm32f1xx_it.o(i.BusFault_Handler)
    DebugMon_Handler                         0x08002d0b   Thumb Code     2  stm32f1xx_it.o(i.DebugMon_Handler)
    Encoder_ClearCount                       0x08002d0d   Thumb Code    14  encoder.o(i.Encoder_ClearCount)
    Encoder_GetAngle                         0x08002d25   Thumb Code    52  encoder.o(i.Encoder_GetAngle)
    Encoder_GetCount                         0x08002d65   Thumb Code    14  encoder.o(i.Encoder_GetCount)
    HAL_DMA_Abort                            0x08002d7d   Thumb Code    70  stm32f1xx_hal_dma.o(i.HAL_DMA_Abort)
    HAL_DMA_Abort_IT                         0x08002dc5   Thumb Code   296  stm32f1xx_hal_dma.o(i.HAL_DMA_Abort_IT)
    HAL_Delay                                0x08002ef5   Thumb Code    32  stm32f1xx_hal.o(i.HAL_Delay)
    HAL_GPIO_Init                            0x08002f19   Thumb Code   462  stm32f1xx_hal_gpio.o(i.HAL_GPIO_Init)
    HAL_GPIO_WritePin                        0x08003111   Thumb Code    10  stm32f1xx_hal_gpio.o(i.HAL_GPIO_WritePin)
    HAL_GetTick                              0x0800311d   Thumb Code     6  stm32f1xx_hal.o(i.HAL_GetTick)
    HAL_IncTick                              0x08003129   Thumb Code    12  stm32f1xx_hal.o(i.HAL_IncTick)
    HAL_Init                                 0x08003139   Thumb Code    32  stm32f1xx_hal.o(i.HAL_Init)
    HAL_InitTick                             0x0800315d   Thumb Code    54  stm32f1xx_hal.o(i.HAL_InitTick)
    HAL_MspInit                              0x0800319d   Thumb Code    52  stm32f1xx_hal_msp.o(i.HAL_MspInit)
    HAL_NVIC_EnableIRQ                       0x080031d9   Thumb Code    26  stm32f1xx_hal_cortex.o(i.HAL_NVIC_EnableIRQ)
    HAL_NVIC_SetPriority                     0x080031f5   Thumb Code    60  stm32f1xx_hal_cortex.o(i.HAL_NVIC_SetPriority)
    HAL_NVIC_SetPriorityGrouping             0x08003235   Thumb Code    26  stm32f1xx_hal_cortex.o(i.HAL_NVIC_SetPriorityGrouping)
    HAL_RCC_ClockConfig                      0x08003259   Thumb Code   280  stm32f1xx_hal_rcc.o(i.HAL_RCC_ClockConfig)
    HAL_RCC_GetPCLK1Freq                     0x08003385   Thumb Code    20  stm32f1xx_hal_rcc.o(i.HAL_RCC_GetPCLK1Freq)
    HAL_RCC_GetPCLK2Freq                     0x080033a5   Thumb Code    20  stm32f1xx_hal_rcc.o(i.HAL_RCC_GetPCLK2Freq)
    HAL_RCC_GetSysClockFreq                  0x080033c5   Thumb Code    58  stm32f1xx_hal_rcc.o(i.HAL_RCC_GetSysClockFreq)
    HAL_RCC_OscConfig                        0x08003411   Thumb Code   778  stm32f1xx_hal_rcc.o(i.HAL_RCC_OscConfig)
    HAL_SYSTICK_Config                       0x08003731   Thumb Code    40  stm32f1xx_hal_cortex.o(i.HAL_SYSTICK_Config)
    HAL_TIMEx_BreakCallback                  0x08003759   Thumb Code     2  stm32f1xx_hal_tim_ex.o(i.HAL_TIMEx_BreakCallback)
    HAL_TIMEx_CommutCallback                 0x0800375b   Thumb Code     2  stm32f1xx_hal_tim_ex.o(i.HAL_TIMEx_CommutCallback)
    HAL_TIMEx_MasterConfigSynchronization    0x0800375d   Thumb Code   104  stm32f1xx_hal_tim_ex.o(i.HAL_TIMEx_MasterConfigSynchronization)
    HAL_TIM_Encoder_Init                     0x080037d9   Thumb Code   164  stm32f1xx_hal_tim.o(i.HAL_TIM_Encoder_Init)
    HAL_TIM_Encoder_MspInit                  0x0800387d   Thumb Code   106  stm32f1xx_hal_msp.o(i.HAL_TIM_Encoder_MspInit)
    HAL_TIM_Encoder_Start_IT                 0x080038f9   Thumb Code   182  stm32f1xx_hal_tim.o(i.HAL_TIM_Encoder_Start_IT)
    HAL_TIM_IC_CaptureCallback               0x080039b1   Thumb Code    50  main.o(i.HAL_TIM_IC_CaptureCallback)
    HAL_TIM_IRQHandler                       0x080039f1   Thumb Code   304  stm32f1xx_hal_tim.o(i.HAL_TIM_IRQHandler)
    HAL_TIM_MspPostInit                      0x08003b21   Thumb Code    62  stm32f1xx_hal_msp.o(i.HAL_TIM_MspPostInit)
    HAL_TIM_OC_DelayElapsedCallback          0x08003b69   Thumb Code     2  stm32f1xx_hal_tim.o(i.HAL_TIM_OC_DelayElapsedCallback)
    HAL_TIM_PWM_ConfigChannel                0x08003b6b   Thumb Code   204  stm32f1xx_hal_tim.o(i.HAL_TIM_PWM_ConfigChannel)
    HAL_TIM_PWM_Init                         0x08003c37   Thumb Code    90  stm32f1xx_hal_tim.o(i.HAL_TIM_PWM_Init)
    HAL_TIM_PWM_MspInit                      0x08003c91   Thumb Code    30  stm32f1xx_hal_msp.o(i.HAL_TIM_PWM_MspInit)
    HAL_TIM_PWM_PulseFinishedCallback        0x08003cb5   Thumb Code     2  stm32f1xx_hal_tim.o(i.HAL_TIM_PWM_PulseFinishedCallback)
    HAL_TIM_PWM_Start                        0x08003cb9   Thumb Code   160  stm32f1xx_hal_tim.o(i.HAL_TIM_PWM_Start)
    HAL_TIM_PeriodElapsedCallback            0x08003d6d   Thumb Code     2  stm32f1xx_hal_tim.o(i.HAL_TIM_PeriodElapsedCallback)
    HAL_TIM_TriggerCallback                  0x08003d6f   Thumb Code     2  stm32f1xx_hal_tim.o(i.HAL_TIM_TriggerCallback)
    HAL_UARTEx_RxEventCallback               0x08003d71   Thumb Code     2  stm32f1xx_hal_uart.o(i.HAL_UARTEx_RxEventCallback)
    HAL_UART_ErrorCallback                   0x08003d73   Thumb Code     2  stm32f1xx_hal_uart.o(i.HAL_UART_ErrorCallback)
    HAL_UART_IRQHandler                      0x08003d75   Thumb Code   616  stm32f1xx_hal_uart.o(i.HAL_UART_IRQHandler)
    HAL_UART_Init                            0x08003fe1   Thumb Code   100  stm32f1xx_hal_uart.o(i.HAL_UART_Init)
    HAL_UART_MspInit                         0x08004045   Thumb Code   116  stm32f1xx_hal_msp.o(i.HAL_UART_MspInit)
    HAL_UART_Receive_IT                      0x080040c5   Thumb Code    28  stm32f1xx_hal_uart.o(i.HAL_UART_Receive_IT)
    HAL_UART_RxCpltCallback                  0x080040e1   Thumb Code    68  main.o(i.HAL_UART_RxCpltCallback)
    HAL_UART_Transmit                        0x08004131   Thumb Code   160  stm32f1xx_hal_uart.o(i.HAL_UART_Transmit)
    HAL_UART_TxCpltCallback                  0x080041d1   Thumb Code     2  stm32f1xx_hal_uart.o(i.HAL_UART_TxCpltCallback)
    HardFault_Handler                        0x080041d3   Thumb Code     2  stm32f1xx_it.o(i.HardFault_Handler)
    MemManage_Handler                        0x08004319   Thumb Code     2  stm32f1xx_it.o(i.MemManage_Handler)
    Motor_Init                               0x0800431d   Thumb Code    24  motor_control.o(i.Motor_Init)
    Motor_SetSpeed                           0x08004341   Thumb Code   106  motor_control.o(i.Motor_SetSpeed)
    NMI_Handler                              0x080043b5   Thumb Code     2  stm32f1xx_it.o(i.NMI_Handler)
    PID_Calculate                            0x080043b9   Thumb Code   202  pid_controller.o(i.PID_Calculate)
    PID_Init                                 0x08004499   Thumb Code    30  pid_controller.o(i.PID_Init)
    PID_Reset                                0x080044cd   Thumb Code    12  pid_controller.o(i.PID_Reset)
    PendSV_Handler                           0x080044dd   Thumb Code     2  stm32f1xx_it.o(i.PendSV_Handler)
    Process_Serial_Command                   0x080044e1   Thumb Code   364  serial_interface.o(i.Process_Serial_Command)
    SVC_Handler                              0x08004981   Thumb Code     2  stm32f1xx_it.o(i.SVC_Handler)
    SysTick_Handler                          0x08004983   Thumb Code     4  stm32f1xx_it.o(i.SysTick_Handler)
    SystemClock_Config                       0x08004987   Thumb Code    94  main.o(i.SystemClock_Config)
    SystemInit                               0x080049e5   Thumb Code     2  system_stm32f1xx.o(i.SystemInit)
    TIM3_IRQHandler                          0x080049e9   Thumb Code     6  stm32f1xx_it.o(i.TIM3_IRQHandler)
    TIM_Base_SetConfig                       0x080049f5   Thumb Code   134  stm32f1xx_hal_tim.o(i.TIM_Base_SetConfig)
    TIM_CCxChannelCmd                        0x08004a91   Thumb Code    26  stm32f1xx_hal_tim.o(i.TIM_CCxChannelCmd)
    TIM_OC2_SetConfig                        0x08004b0d   Thumb Code    98  stm32f1xx_hal_tim.o(i.TIM_OC2_SetConfig)
    UART_Start_Receive_IT                    0x08004e09   Thumb Code    54  stm32f1xx_hal_uart.o(i.UART_Start_Receive_IT)
    USART1_IRQHandler                        0x08004eb1   Thumb Code     6  stm32f1xx_it.o(i.USART1_IRQHandler)
    UsageFault_Handler                       0x08004ebd   Thumb Code     2  stm32f1xx_it.o(i.UsageFault_Handler)
    Vofa_SendData                            0x08004ec1   Thumb Code    42  main.o(i.Vofa_SendData)
    __ARM_fpclassify                         0x08004ef5   Thumb Code    40  fpclassify.o(i.__ARM_fpclassify)
    __mathlib_dbl_overflow                   0x08004f3d   Thumb Code    14  dunder.o(i.__mathlib_dbl_overflow)
    __mathlib_dbl_underflow                  0x08004f4d   Thumb Code    10  dunder.o(i.__mathlib_dbl_underflow)
    __mathlib_narrow                         0x08004f5d   Thumb Code    16  narrow.o(i.__mathlib_narrow)
    __mathlib_tofloat                        0x08004f6d   Thumb Code   184  narrow.o(i.__mathlib_tofloat)
    __support_ldexp                          0x08005029   Thumb Code    22  ldexp.o(i.__support_ldexp)
    _is_digit                                0x0800503f   Thumb Code    14  __printf_wp.o(i._is_digit)
    fputc                                    0x0800504d   Thumb Code    26  fputc.o(i.fputc)
    frexp                                    0x08005069   Thumb Code    80  frexp.o(i.frexp)
    ldexp                                    0x080050c1   Thumb Code   116  ldexp.o(i.ldexp)
    main                                     0x08005135   Thumb Code   396  main.o(i.main)
    _get_lc_numeric                          0x08005405   Thumb Code    44  lc_numeric_c.o(locale$$code)
    _get_lc_ctype                            0x08005431   Thumb Code    44  lc_ctype_c.o(locale$$code)
    __aeabi_d2f                              0x0800545d   Thumb Code     0  d2f.o(x$fpl$d2f)
    _d2f                                     0x0800545d   Thumb Code    98  d2f.o(x$fpl$d2f)
    __fpl_dcheck_NaN1                        0x080054c1   Thumb Code    10  dcheck1.o(x$fpl$dcheck1)
    __fpl_dcmp_Inf                           0x080054d1   Thumb Code    24  dcmpi.o(x$fpl$dcmpinf)
    __aeabi_cdcmpeq                          0x080054e9   Thumb Code     0  deqf.o(x$fpl$deqf)
    _dcmpeq                                  0x080054e9   Thumb Code   120  deqf.o(x$fpl$deqf)
    __aeabi_cdcmple                          0x08005561   Thumb Code     0  dleqf.o(x$fpl$dleqf)
    _dcmple                                  0x08005561   Thumb Code   120  dleqf.o(x$fpl$dleqf)
    __fpl_dcmple_InfNaN                      0x080055c3   Thumb Code     0  dleqf.o(x$fpl$dleqf)
    __fpl_dnaninf                            0x080055d9   Thumb Code   156  dnaninf.o(x$fpl$dnaninf)
    __fpl_dretinf                            0x08005675   Thumb Code    12  dretinf.o(x$fpl$dretinf)
    __aeabi_cdrcmple                         0x08005681   Thumb Code     0  drleqf.o(x$fpl$drleqf)
    _drcmple                                 0x08005681   Thumb Code   108  drleqf.o(x$fpl$drleqf)
    __aeabi_f2d                              0x080056ed   Thumb Code     0  f2d.o(x$fpl$f2d)
    _f2d                                     0x080056ed   Thumb Code    86  f2d.o(x$fpl$f2d)
    __aeabi_fadd                             0x08005745   Thumb Code     0  faddsub_clz.o(x$fpl$fadd)
    _fadd                                    0x08005745   Thumb Code   196  faddsub_clz.o(x$fpl$fadd)
    __fpl_fcmp_Inf                           0x08005809   Thumb Code    24  fcmpi.o(x$fpl$fcmpinf)
    __aeabi_fdiv                             0x08005821   Thumb Code     0  fdiv.o(x$fpl$fdiv)
    _fdiv                                    0x08005821   Thumb Code   384  fdiv.o(x$fpl$fdiv)
    __aeabi_f2iz                             0x080059a5   Thumb Code     0  ffix.o(x$fpl$ffix)
    _ffix                                    0x080059a5   Thumb Code    54  ffix.o(x$fpl$ffix)
    __aeabi_i2f                              0x080059dd   Thumb Code     0  fflt_clz.o(x$fpl$fflt)
    _fflt                                    0x080059dd   Thumb Code    48  fflt_clz.o(x$fpl$fflt)
    __aeabi_ui2f                             0x08005a0d   Thumb Code     0  fflt_clz.o(x$fpl$ffltu)
    _ffltu                                   0x08005a0d   Thumb Code    38  fflt_clz.o(x$fpl$ffltu)
    __aeabi_cfcmple                          0x08005a35   Thumb Code     0  fleqf.o(x$fpl$fleqf)
    _fcmple                                  0x08005a35   Thumb Code   104  fleqf.o(x$fpl$fleqf)
    __fpl_fcmple_InfNaN                      0x08005a87   Thumb Code     0  fleqf.o(x$fpl$fleqf)
    __aeabi_fmul                             0x08005a9d   Thumb Code     0  fmul.o(x$fpl$fmul)
    _fmul                                    0x08005a9d   Thumb Code   258  fmul.o(x$fpl$fmul)
    __fpl_fnaninf                            0x08005b9f   Thumb Code   140  fnaninf.o(x$fpl$fnaninf)
    __fpl_fretinf                            0x08005c2b   Thumb Code    10  fretinf.o(x$fpl$fretinf)
    __aeabi_cfrcmple                         0x08005c35   Thumb Code     0  frleqf.o(x$fpl$frleqf)
    _frcmple                                 0x08005c35   Thumb Code    98  frleqf.o(x$fpl$frleqf)
    __aeabi_fsub                             0x08005c99   Thumb Code     0  faddsub_clz.o(x$fpl$fsub)
    _fsub                                    0x08005c99   Thumb Code   234  faddsub_clz.o(x$fpl$fsub)
    __ieee_status                            0x08005d83   Thumb Code     6  istatus.o(x$fpl$ieeestatus)
    _printf_fp_dec                           0x08005d89   Thumb Code     4  printf1.o(x$fpl$printf1)
    __fpl_return_NaN                         0x08005d8d   Thumb Code   100  retnan.o(x$fpl$retnan)
    __ARM_scalbn                             0x08005df1   Thumb Code    92  scalbn.o(x$fpl$scalbn)
    _scanf_real                              0x08005e4d   Thumb Code     4  scanf1.o(x$fpl$scanf1)
    _scanf_hex_real                          0x08005e51   Thumb Code     4  scanf2.o(x$fpl$scanf2)
    _scanf_infnan                            0x08005e55   Thumb Code     4  scanf2.o(x$fpl$scanf2)
    __fpl_cmpreturn                          0x08005e59   Thumb Code    48  trapv.o(x$fpl$trapveneer)
    __I$use$fp                               0x08005e88   Number         0  usenofp.o(x$fpl$usenofp)
    AHBPrescTable                            0x08005e9a   Data          16  system_stm32f1xx.o(.constdata)
    APBPrescTable                            0x08005eaa   Data           8  system_stm32f1xx.o(.constdata)
    __stdin_name                             0x08005f48   Data           4  sys_io.o(.constdata)
    __stdout_name                            0x08005f4c   Data           4  sys_io.o(.constdata)
    __stderr_name                            0x08005f50   Data           4  sys_io.o(.constdata)
    Region$$Table$$Base                      0x08005ff4   Number         0  anon$$obj.o(Region$$Table)
    Region$$Table$$Limit                     0x08006014   Number         0  anon$$obj.o(Region$$Table)
    __aeabi_HUGE_VAL                         0x08006014   Data           0  fpconst.o(c$$dinf)
    __aeabi_HUGE_VALL                        0x08006014   Data           0  fpconst.o(c$$dinf)
    __aeabi_INFINITY                         0x08006014   Data           0  fpconst.o(c$$dinf)
    __dInf                                   0x08006014   Data           0  fpconst.o(c$$dinf)
    __huge_val                               0x08006014   Data           0  fpconst.o(c$$dinf)
    __dbl_max                                0x0800601c   Data           0  fpconst.o(c$$dmax)
    __ctype                                  0x0800604d   Data           0  lc_ctype_c.o(locale$$data)
    buffer_index                             0x20000000   Data           1  main.o(.data)
    vofa_enabled                             0x20000001   Data           1  main.o(.data)
    system_time                              0x20000004   Data           4  main.o(.data)
    uwTickFreq                               0x20000014   Data           1  stm32f1xx_hal.o(.data)
    uwTickPrio                               0x20000018   Data           4  stm32f1xx_hal.o(.data)
    uwTick                                   0x2000001c   Data           4  stm32f1xx_hal.o(.data)
    SystemCoreClock                          0x20000020   Data           4  system_stm32f1xx.o(.data)
    __aeabi_stdin                            0x20000024   Data           4  stdio_streams.o(.data)
    __aeabi_stdout                           0x20000028   Data           4  stdio_streams.o(.data)
    __aeabi_stderr                           0x2000002c   Data           4  stdio_streams.o(.data)
    serial_buffer                            0x20000030   Data         100  main.o(.bss)
    htim2                                    0x20000094   Data          72  main.o(.bss)
    htim3                                    0x200000dc   Data          72  main.o(.bss)
    huart1                                   0x20000124   Data          72  main.o(.bss)
    Motor1                                   0x2000016c   Data          20  motor_control.o(.bss)
    angle_pid                                0x20000180   Data          36  pid_controller.o(.bss)
    __stdin                                  0x200001a4   Data          84  stdio_streams.o(.bss)
    __stdout                                 0x200001f8   Data          84  stdio_streams.o(.bss)
    __stderr                                 0x2000024c   Data          84  stdio_streams.o(.bss)
    __libspace_start                         0x200002a0   Data          96  libspace.o(.bss)
    __temporary_stack_top$libspace           0x20000300   Data           0  libspace.o(.bss)



==============================================================================

Memory Map of the image

  Image Entry point : 0x08000131

  Load Region LR_IROM1 (Base: 0x08000000, Size: 0x00006180, Max: 0x00040000, ABSOLUTE)

    Execution Region ER_IROM1 (Exec base: 0x08000000, Load base: 0x08000000, Size: 0x00006150, Max: 0x00040000, ABSOLUTE)

    Exec Addr    Load Addr    Size         Type   Attr      Idx    E Section Name        Object

    0x08000000   0x08000000   0x00000130   Data   RO            3    RESET               startup_stm32f103xe.o
    0x08000130   0x08000130   0x00000008   Code   RO         2953  * !!!main             c_w.l(__main.o)
    0x08000138   0x08000138   0x00000034   Code   RO         3494    !!!scatter          c_w.l(__scatter.o)
    0x0800016c   0x0800016c   0x0000001a   Code   RO         3496    !!handler_copy      c_w.l(__scatter_copy.o)
    0x08000186   0x08000186   0x00000002   PAD
    0x08000188   0x08000188   0x0000001c   Code   RO         3498    !!handler_zi        c_w.l(__scatter_zi.o)
    0x080001a4   0x080001a4   0x00000000   Code   RO         2944    .ARM.Collect$$_printf_percent$$00000000  c_w.l(_printf_percent.o)
    0x080001a4   0x080001a4   0x00000006   Code   RO         2943    .ARM.Collect$$_printf_percent$$00000003  c_w.l(_printf_f.o)
    0x080001aa   0x080001aa   0x00000006   Code   RO         2941    .ARM.Collect$$_printf_percent$$00000009  c_w.l(_printf_d.o)
    0x080001b0   0x080001b0   0x00000006   Code   RO         2942    .ARM.Collect$$_printf_percent$$0000000A  c_w.l(_printf_u.o)
    0x080001b6   0x080001b6   0x00000006   Code   RO         2940    .ARM.Collect$$_printf_percent$$00000014  c_w.l(_printf_s.o)
    0x080001bc   0x080001bc   0x00000004   Code   RO         2996    .ARM.Collect$$_printf_percent$$00000017  c_w.l(_printf_percent_end.o)
    0x080001c0   0x080001c0   0x00000002   Code   RO         3217    .ARM.Collect$$libinit$$00000000  c_w.l(libinit.o)
    0x080001c2   0x080001c2   0x00000000   Code   RO         3219    .ARM.Collect$$libinit$$00000002  c_w.l(libinit2.o)
    0x080001c2   0x080001c2   0x00000000   Code   RO         3221    .ARM.Collect$$libinit$$00000004  c_w.l(libinit2.o)
    0x080001c2   0x080001c2   0x00000008   Code   RO         3222    .ARM.Collect$$libinit$$00000005  c_w.l(libinit2.o)
    0x080001ca   0x080001ca   0x00000000   Code   RO         3224    .ARM.Collect$$libinit$$0000000A  c_w.l(libinit2.o)
    0x080001ca   0x080001ca   0x00000000   Code   RO         3226    .ARM.Collect$$libinit$$0000000C  c_w.l(libinit2.o)
    0x080001ca   0x080001ca   0x00000000   Code   RO         3228    .ARM.Collect$$libinit$$0000000E  c_w.l(libinit2.o)
    0x080001ca   0x080001ca   0x00000006   Code   RO         3229    .ARM.Collect$$libinit$$0000000F  c_w.l(libinit2.o)
    0x080001d0   0x080001d0   0x00000000   Code   RO         3231    .ARM.Collect$$libinit$$00000011  c_w.l(libinit2.o)
    0x080001d0   0x080001d0   0x0000000c   Code   RO         3232    .ARM.Collect$$libinit$$00000012  c_w.l(libinit2.o)
    0x080001dc   0x080001dc   0x00000000   Code   RO         3233    .ARM.Collect$$libinit$$00000013  c_w.l(libinit2.o)
    0x080001dc   0x080001dc   0x00000000   Code   RO         3235    .ARM.Collect$$libinit$$00000015  c_w.l(libinit2.o)
    0x080001dc   0x080001dc   0x0000000a   Code   RO         3236    .ARM.Collect$$libinit$$00000016  c_w.l(libinit2.o)
    0x080001e6   0x080001e6   0x00000000   Code   RO         3237    .ARM.Collect$$libinit$$00000017  c_w.l(libinit2.o)
    0x080001e6   0x080001e6   0x00000000   Code   RO         3239    .ARM.Collect$$libinit$$00000019  c_w.l(libinit2.o)
    0x080001e6   0x080001e6   0x00000000   Code   RO         3241    .ARM.Collect$$libinit$$0000001B  c_w.l(libinit2.o)
    0x080001e6   0x080001e6   0x00000000   Code   RO         3243    .ARM.Collect$$libinit$$0000001D  c_w.l(libinit2.o)
    0x080001e6   0x080001e6   0x00000000   Code   RO         3245    .ARM.Collect$$libinit$$0000001F  c_w.l(libinit2.o)
    0x080001e6   0x080001e6   0x00000000   Code   RO         3247    .ARM.Collect$$libinit$$00000021  c_w.l(libinit2.o)
    0x080001e6   0x080001e6   0x00000000   Code   RO         3249    .ARM.Collect$$libinit$$00000023  c_w.l(libinit2.o)
    0x080001e6   0x080001e6   0x00000004   Code   RO         3250    .ARM.Collect$$libinit$$00000024  c_w.l(libinit2.o)
    0x080001ea   0x080001ea   0x00000000   Code   RO         3251    .ARM.Collect$$libinit$$00000025  c_w.l(libinit2.o)
    0x080001ea   0x080001ea   0x00000000   Code   RO         3255    .ARM.Collect$$libinit$$0000002C  c_w.l(libinit2.o)
    0x080001ea   0x080001ea   0x00000000   Code   RO         3257    .ARM.Collect$$libinit$$0000002E  c_w.l(libinit2.o)
    0x080001ea   0x080001ea   0x00000000   Code   RO         3259    .ARM.Collect$$libinit$$00000030  c_w.l(libinit2.o)
    0x080001ea   0x080001ea   0x00000000   Code   RO         3261    .ARM.Collect$$libinit$$00000032  c_w.l(libinit2.o)
    0x080001ea   0x080001ea   0x00000002   Code   RO         3262    .ARM.Collect$$libinit$$00000033  c_w.l(libinit2.o)
    0x080001ec   0x080001ec   0x00000002   Code   RO         3457    .ARM.Collect$$libshutdown$$00000000  c_w.l(libshutdown.o)
    0x080001ee   0x080001ee   0x00000000   Code   RO         3264    .ARM.Collect$$libshutdown$$00000002  c_w.l(libshutdown2.o)
    0x080001ee   0x080001ee   0x00000000   Code   RO         3266    .ARM.Collect$$libshutdown$$00000004  c_w.l(libshutdown2.o)
    0x080001ee   0x080001ee   0x00000004   Code   RO         3267    .ARM.Collect$$libshutdown$$00000005  c_w.l(libshutdown2.o)
    0x080001f2   0x080001f2   0x00000000   Code   RO         3268    .ARM.Collect$$libshutdown$$00000006  c_w.l(libshutdown2.o)
    0x080001f2   0x080001f2   0x00000000   Code   RO         3271    .ARM.Collect$$libshutdown$$00000009  c_w.l(libshutdown2.o)
    0x080001f2   0x080001f2   0x00000000   Code   RO         3274    .ARM.Collect$$libshutdown$$0000000C  c_w.l(libshutdown2.o)
    0x080001f2   0x080001f2   0x00000000   Code   RO         3276    .ARM.Collect$$libshutdown$$0000000E  c_w.l(libshutdown2.o)
    0x080001f2   0x080001f2   0x00000000   Code   RO         3279    .ARM.Collect$$libshutdown$$00000011  c_w.l(libshutdown2.o)
    0x080001f2   0x080001f2   0x00000002   Code   RO         3280    .ARM.Collect$$libshutdown$$00000012  c_w.l(libshutdown2.o)
    0x080001f4   0x080001f4   0x00000000   Code   RO         2987    .ARM.Collect$$rtentry$$00000000  c_w.l(__rtentry.o)
    0x080001f4   0x080001f4   0x00000000   Code   RO         3019    .ARM.Collect$$rtentry$$00000002  c_w.l(__rtentry2.o)
    0x080001f4   0x080001f4   0x00000006   Code   RO         3031    .ARM.Collect$$rtentry$$00000004  c_w.l(__rtentry4.o)
    0x080001fa   0x080001fa   0x00000000   Code   RO         3021    .ARM.Collect$$rtentry$$00000009  c_w.l(__rtentry2.o)
    0x080001fa   0x080001fa   0x00000004   Code   RO         3022    .ARM.Collect$$rtentry$$0000000A  c_w.l(__rtentry2.o)
    0x080001fe   0x080001fe   0x00000000   Code   RO         3024    .ARM.Collect$$rtentry$$0000000C  c_w.l(__rtentry2.o)
    0x080001fe   0x080001fe   0x00000008   Code   RO         3025    .ARM.Collect$$rtentry$$0000000D  c_w.l(__rtentry2.o)
    0x08000206   0x08000206   0x00000002   Code   RO         3296    .ARM.Collect$$rtexit$$00000000  c_w.l(rtexit.o)
    0x08000208   0x08000208   0x00000000   Code   RO         3381    .ARM.Collect$$rtexit$$00000002  c_w.l(rtexit2.o)
    0x08000208   0x08000208   0x00000004   Code   RO         3382    .ARM.Collect$$rtexit$$00000003  c_w.l(rtexit2.o)
    0x0800020c   0x0800020c   0x00000006   Code   RO         3383    .ARM.Collect$$rtexit$$00000004  c_w.l(rtexit2.o)
    0x08000212   0x08000212   0x00000002   PAD
    0x08000214   0x08000214   0x00000000   Code   RO         3387    .emb_text           c_w.l(maybetermalloc1.o)
    0x08000214   0x08000214   0x00000040   Code   RO            4    .text               startup_stm32f103xe.o
    0x08000254   0x08000254   0x00000018   Code   RO         2912    .text               c_w.l(noretval__2printf.o)
    0x0800026c   0x0800026c   0x00000052   Code   RO         2916    .text               c_w.l(_printf_str.o)
    0x080002be   0x080002be   0x00000002   PAD
    0x080002c0   0x080002c0   0x00000078   Code   RO         2918    .text               c_w.l(_printf_dec.o)
    0x08000338   0x08000338   0x0000010e   Code   RO         2928    .text               c_w.l(__printf_wp.o)
    0x08000446   0x08000446   0x00000002   PAD
    0x08000448   0x08000448   0x0000003c   Code   RO         2945    .text               c_w.l(__0sscanf.o)
    0x08000484   0x08000484   0x0000004e   Code   RO         2947    .text               c_w.l(rt_memclr_w.o)
    0x080004d2   0x080004d2   0x00000002   PAD
    0x080004d4   0x080004d4   0x00000080   Code   RO         2949    .text               c_w.l(strcmpv7m.o)
    0x08000554   0x08000554   0x00000006   Code   RO         2951    .text               c_w.l(heapauxi.o)
    0x0800055a   0x0800055a   0x000000b2   Code   RO         2988    .text               c_w.l(_printf_intcommon.o)
    0x0800060c   0x0800060c   0x0000041e   Code   RO         2990    .text               c_w.l(_printf_fp_dec.o)
    0x08000a2a   0x08000a2a   0x0000002c   Code   RO         2992    .text               c_w.l(_printf_char.o)
    0x08000a56   0x08000a56   0x00000002   PAD
    0x08000a58   0x08000a58   0x00000024   Code   RO         2994    .text               c_w.l(_printf_char_file.o)
    0x08000a7c   0x08000a7c   0x000004f8   Code   RO         2997    .text               c_w.l(scanf_fp.o)
    0x08000f74   0x08000f74   0x0000002c   Code   RO         2999    .text               c_w.l(scanf_char.o)
    0x08000fa0   0x08000fa0   0x00000040   Code   RO         3001    .text               c_w.l(_sgetc.o)
    0x08000fe0   0x08000fe0   0x00000008   Code   RO         3036    .text               c_w.l(rt_locale_intlibspace.o)
    0x08000fe8   0x08000fe8   0x00000008   Code   RO         3041    .text               c_w.l(rt_errno_addr_intlibspace.o)
    0x08000ff0   0x08000ff0   0x0000008a   Code   RO         3043    .text               c_w.l(lludiv10.o)
    0x0800107a   0x0800107a   0x00000012   Code   RO         3045    .text               c_w.l(isspace.o)
    0x0800108c   0x0800108c   0x00000030   Code   RO         3047    .text               c_w.l(_printf_char_common.o)
    0x080010bc   0x080010bc   0x00000080   Code   RO         3049    .text               c_w.l(_printf_fp_infnan.o)
    0x0800113c   0x0800113c   0x00000374   Code   RO         3051    .text               c_w.l(_scanf.o)
    0x080014b0   0x080014b0   0x000000e4   Code   RO         3053    .text               c_w.l(bigflt0.o)
    0x08001594   0x08001594   0x00000008   Code   RO         3078    .text               c_w.l(ferror.o)
    0x0800159c   0x0800159c   0x00000138   Code   RO         3084    .text               c_w.l(initio.o)
    0x080016d4   0x080016d4   0x00000066   Code   RO         3115    .text               c_w.l(sys_io.o)
    0x0800173a   0x0800173a   0x00000002   PAD
    0x0800173c   0x0800173c   0x00000008   Code   RO         3120    .text               c_w.l(libspace.o)
    0x08001744   0x08001744   0x0000004a   Code   RO         3125    .text               c_w.l(sys_stackheap_outer.o)
    0x0800178e   0x0800178e   0x00000002   PAD
    0x08001790   0x08001790   0x00000010   Code   RO         3127    .text               c_w.l(rt_ctype_table.o)
    0x080017a0   0x080017a0   0x0000004e   Code   RO         3131    .text               c_w.l(h1_free.o)
    0x080017ee   0x080017ee   0x00000016   Code   RO         3185    .text               c_w.l(_rserrno.o)
    0x08001804   0x08001804   0x00000320   Code   RO         3189    .text               c_w.l(scanf_hexfp.o)
    0x08001b24   0x08001b24   0x00000134   Code   RO         3191    .text               c_w.l(scanf_infnan.o)
    0x08001c58   0x08001c58   0x000001d6   Code   RO         3193    .text               c_w.l(flsbuf.o)
    0x08001e2e   0x08001e2e   0x00000046   Code   RO         3195    .text               c_w.l(setvbuf.o)
    0x08001e74   0x08001e74   0x000000ec   Code   RO         3198    .text               c_w.l(fopen.o)
    0x08001f60   0x08001f60   0x0000004c   Code   RO         3200    .text               c_w.l(fclose.o)
    0x08001fac   0x08001fac   0x00000012   Code   RO         3206    .text               c_w.l(exit.o)
    0x08001fbe   0x08001fbe   0x0000000e   Code   RO         3208    .text               c_w.l(defsig_rtred_outer.o)
    0x08001fcc   0x08001fcc   0x00000002   Code   RO         3293    .text               c_w.l(use_no_semi.o)
    0x08001fce   0x08001fce   0x00000000   Code   RO         3295    .text               c_w.l(indicate_semi.o)
    0x08001fce   0x08001fce   0x00000002   PAD
    0x08001fd0   0x08001fd0   0x00000008   Code   RO         3303    .text               c_w.l(rt_heap_descriptor_intlibspace.o)
    0x08001fd8   0x08001fd8   0x00000004   Code   RO         3305    .text               c_w.l(hguard.o)
    0x08001fdc   0x08001fdc   0x0000008a   Code   RO         3307    .text               c_w.l(init_alloc.o)
    0x08002066   0x08002066   0x0000005e   Code   RO         3313    .text               c_w.l(h1_alloc.o)
    0x080020c4   0x080020c4   0x00000026   Code   RO         3327    .text               c_w.l(llshl.o)
    0x080020ea   0x080020ea   0x0000001c   Code   RO         3331    .text               c_w.l(_chval.o)
    0x08002106   0x08002106   0x00000002   PAD
    0x08002108   0x08002108   0x000000f8   Code   RO         3333    .text               c_w.l(fseek.o)
    0x08002200   0x08002200   0x000000f0   Code   RO         3335    .text               c_w.l(stdio.o)
    0x080022f0   0x080022f0   0x0000000a   Code   RO         3344    .text               c_w.l(defsig_exit.o)
    0x080022fa   0x080022fa   0x00000002   PAD
    0x080022fc   0x080022fc   0x00000034   Code   RO         3346    .text               c_w.l(defsig_rtred_inner.o)
    0x08002330   0x08002330   0x0000003e   Code   RO         3350    .text               c_w.l(strlen.o)
    0x0800236e   0x0800236e   0x00000002   PAD
    0x08002370   0x08002370   0x0000000c   Code   RO         3378    .text               c_w.l(sys_exit.o)
    0x0800237c   0x0800237c   0x0000000e   Code   RO         3389    .text               c_w.l(h1_init.o)
    0x0800238a   0x0800238a   0x00000034   Code   RO         3391    .text               c_w.l(h1_extend.o)
    0x080023be   0x080023be   0x00000042   Code   RO         3401    .text               c_w.l(ftell.o)
    0x08002400   0x08002400   0x00000032   Code   RO         3409    .text               c_w.l(defsig_general.o)
    0x08002432   0x08002432   0x0000000e   Code   RO         3411    .text               c_w.l(defsig_rtmem_outer.o)
    0x08002440   0x08002440   0x0000000e   Code   RO         3443    .text               c_w.l(sys_wrch.o)
    0x0800244e   0x0800244e   0x00000002   PAD
    0x08002450   0x08002450   0x00000050   Code   RO         3451    .text               c_w.l(defsig_rtmem_inner.o)
    0x080024a0   0x080024a0   0x0000003e   Code   RO         3056    CL$$btod_d2e        c_w.l(btod.o)
    0x080024de   0x080024de   0x00000046   Code   RO         3058    CL$$btod_d2e_denorm_low  c_w.l(btod.o)
    0x08002524   0x08002524   0x00000060   Code   RO         3057    CL$$btod_d2e_norm_op1  c_w.l(btod.o)
    0x08002584   0x08002584   0x00000338   Code   RO         3066    CL$$btod_div_common  c_w.l(btod.o)
    0x080028bc   0x080028bc   0x00000084   Code   RO         3064    CL$$btod_e2d        c_w.l(btod.o)
    0x08002940   0x08002940   0x000000dc   Code   RO         3063    CL$$btod_e2e        c_w.l(btod.o)
    0x08002a1c   0x08002a1c   0x0000002a   Code   RO         3060    CL$$btod_ediv       c_w.l(btod.o)
    0x08002a46   0x08002a46   0x0000002a   Code   RO         3062    CL$$btod_edivd      c_w.l(btod.o)
    0x08002a70   0x08002a70   0x0000002a   Code   RO         3059    CL$$btod_emul       c_w.l(btod.o)
    0x08002a9a   0x08002a9a   0x0000002a   Code   RO         3061    CL$$btod_emuld      c_w.l(btod.o)
    0x08002ac4   0x08002ac4   0x00000244   Code   RO         3065    CL$$btod_mult_common  c_w.l(btod.o)
    0x08002d08   0x08002d08   0x00000002   Code   RO          212    i.BusFault_Handler  stm32f1xx_it.o
    0x08002d0a   0x08002d0a   0x00000002   Code   RO          213    i.DebugMon_Handler  stm32f1xx_it.o
    0x08002d0c   0x08002d0c   0x00000018   Code   RO          370    i.Encoder_ClearCount  encoder.o
    0x08002d24   0x08002d24   0x00000040   Code   RO          371    i.Encoder_GetAngle  encoder.o
    0x08002d64   0x08002d64   0x00000018   Code   RO          372    i.Encoder_GetCount  encoder.o
    0x08002d7c   0x08002d7c   0x00000046   Code   RO         1912    i.HAL_DMA_Abort     stm32f1xx_hal_dma.o
    0x08002dc2   0x08002dc2   0x00000002   PAD
    0x08002dc4   0x08002dc4   0x00000130   Code   RO         1913    i.HAL_DMA_Abort_IT  stm32f1xx_hal_dma.o
    0x08002ef4   0x08002ef4   0x00000024   Code   RO         1538    i.HAL_Delay         stm32f1xx_hal.o
    0x08002f18   0x08002f18   0x000001f8   Code   RO         1848    i.HAL_GPIO_Init     stm32f1xx_hal_gpio.o
    0x08003110   0x08003110   0x0000000a   Code   RO         1852    i.HAL_GPIO_WritePin  stm32f1xx_hal_gpio.o
    0x0800311a   0x0800311a   0x00000002   PAD
    0x0800311c   0x0800311c   0x0000000c   Code   RO         1542    i.HAL_GetTick       stm32f1xx_hal.o
    0x08003128   0x08003128   0x00000010   Code   RO         1548    i.HAL_IncTick       stm32f1xx_hal.o
    0x08003138   0x08003138   0x00000024   Code   RO         1549    i.HAL_Init          stm32f1xx_hal.o
    0x0800315c   0x0800315c   0x00000040   Code   RO         1550    i.HAL_InitTick      stm32f1xx_hal.o
    0x0800319c   0x0800319c   0x0000003c   Code   RO          304    i.HAL_MspInit       stm32f1xx_hal_msp.o
    0x080031d8   0x080031d8   0x0000001a   Code   RO         2008    i.HAL_NVIC_EnableIRQ  stm32f1xx_hal_cortex.o
    0x080031f2   0x080031f2   0x00000002   PAD
    0x080031f4   0x080031f4   0x00000040   Code   RO         2014    i.HAL_NVIC_SetPriority  stm32f1xx_hal_cortex.o
    0x08003234   0x08003234   0x00000024   Code   RO         2015    i.HAL_NVIC_SetPriorityGrouping  stm32f1xx_hal_cortex.o
    0x08003258   0x08003258   0x0000012c   Code   RO         1706    i.HAL_RCC_ClockConfig  stm32f1xx_hal_rcc.o
    0x08003384   0x08003384   0x00000020   Code   RO         1713    i.HAL_RCC_GetPCLK1Freq  stm32f1xx_hal_rcc.o
    0x080033a4   0x080033a4   0x00000020   Code   RO         1714    i.HAL_RCC_GetPCLK2Freq  stm32f1xx_hal_rcc.o
    0x080033c4   0x080033c4   0x0000004c   Code   RO         1715    i.HAL_RCC_GetSysClockFreq  stm32f1xx_hal_rcc.o
    0x08003410   0x08003410   0x00000320   Code   RO         1718    i.HAL_RCC_OscConfig  stm32f1xx_hal_rcc.o
    0x08003730   0x08003730   0x00000028   Code   RO         2019    i.HAL_SYSTICK_Config  stm32f1xx_hal_cortex.o
    0x08003758   0x08003758   0x00000002   Code   RO         1264    i.HAL_TIMEx_BreakCallback  stm32f1xx_hal_tim_ex.o
    0x0800375a   0x0800375a   0x00000002   Code   RO         1265    i.HAL_TIMEx_CommutCallback  stm32f1xx_hal_tim_ex.o
    0x0800375c   0x0800375c   0x0000007c   Code   RO         1283    i.HAL_TIMEx_MasterConfigSynchronization  stm32f1xx_hal_tim_ex.o
    0x080037d8   0x080037d8   0x000000a4   Code   RO          581    i.HAL_TIM_Encoder_Init  stm32f1xx_hal_tim.o
    0x0800387c   0x0800387c   0x0000007c   Code   RO          306    i.HAL_TIM_Encoder_MspInit  stm32f1xx_hal_msp.o
    0x080038f8   0x080038f8   0x000000b6   Code   RO          586    i.HAL_TIM_Encoder_Start_IT  stm32f1xx_hal_tim.o
    0x080039ae   0x080039ae   0x00000002   PAD
    0x080039b0   0x080039b0   0x00000040   Code   RO           15    i.HAL_TIM_IC_CaptureCallback  main.o
    0x080039f0   0x080039f0   0x00000130   Code   RO          608    i.HAL_TIM_IRQHandler  stm32f1xx_hal_tim.o
    0x08003b20   0x08003b20   0x00000048   Code   RO          307    i.HAL_TIM_MspPostInit  stm32f1xx_hal_msp.o
    0x08003b68   0x08003b68   0x00000002   Code   RO          611    i.HAL_TIM_OC_DelayElapsedCallback  stm32f1xx_hal_tim.o
    0x08003b6a   0x08003b6a   0x000000cc   Code   RO          632    i.HAL_TIM_PWM_ConfigChannel  stm32f1xx_hal_tim.o
    0x08003c36   0x08003c36   0x0000005a   Code   RO          635    i.HAL_TIM_PWM_Init  stm32f1xx_hal_tim.o
    0x08003c90   0x08003c90   0x00000024   Code   RO          309    i.HAL_TIM_PWM_MspInit  stm32f1xx_hal_msp.o
    0x08003cb4   0x08003cb4   0x00000002   Code   RO          638    i.HAL_TIM_PWM_PulseFinishedCallback  stm32f1xx_hal_tim.o
    0x08003cb6   0x08003cb6   0x00000002   PAD
    0x08003cb8   0x08003cb8   0x000000b4   Code   RO          640    i.HAL_TIM_PWM_Start  stm32f1xx_hal_tim.o
    0x08003d6c   0x08003d6c   0x00000002   Code   RO          646    i.HAL_TIM_PeriodElapsedCallback  stm32f1xx_hal_tim.o
    0x08003d6e   0x08003d6e   0x00000002   Code   RO          651    i.HAL_TIM_TriggerCallback  stm32f1xx_hal_tim.o
    0x08003d70   0x08003d70   0x00000002   Code   RO         2520    i.HAL_UARTEx_RxEventCallback  stm32f1xx_hal_uart.o
    0x08003d72   0x08003d72   0x00000002   Code   RO         2534    i.HAL_UART_ErrorCallback  stm32f1xx_hal_uart.o
    0x08003d74   0x08003d74   0x0000026c   Code   RO         2537    i.HAL_UART_IRQHandler  stm32f1xx_hal_uart.o
    0x08003fe0   0x08003fe0   0x00000064   Code   RO         2538    i.HAL_UART_Init     stm32f1xx_hal_uart.o
    0x08004044   0x08004044   0x00000080   Code   RO          311    i.HAL_UART_MspInit  stm32f1xx_hal_msp.o
    0x080040c4   0x080040c4   0x0000001c   Code   RO         2543    i.HAL_UART_Receive_IT  stm32f1xx_hal_uart.o
    0x080040e0   0x080040e0   0x00000050   Code   RO           16    i.HAL_UART_RxCpltCallback  main.o
    0x08004130   0x08004130   0x000000a0   Code   RO         2546    i.HAL_UART_Transmit  stm32f1xx_hal_uart.o
    0x080041d0   0x080041d0   0x00000002   Code   RO         2549    i.HAL_UART_TxCpltCallback  stm32f1xx_hal_uart.o
    0x080041d2   0x080041d2   0x00000002   Code   RO          214    i.HardFault_Handler  stm32f1xx_it.o
    0x080041d4   0x080041d4   0x0000006c   Code   RO           17    i.MX_GPIO_Init      main.o
    0x08004240   0x08004240   0x00000070   Code   RO           18    i.MX_TIM2_Init      main.o
    0x080042b0   0x080042b0   0x00000068   Code   RO           19    i.MX_TIM3_Init      main.o
    0x08004318   0x08004318   0x00000002   Code   RO          215    i.MemManage_Handler  stm32f1xx_it.o
    0x0800431a   0x0800431a   0x00000002   PAD
    0x0800431c   0x0800431c   0x00000024   Code   RO          408    i.Motor_Init        motor_control.o
    0x08004340   0x08004340   0x00000074   Code   RO          409    i.Motor_SetSpeed    motor_control.o
    0x080043b4   0x080043b4   0x00000002   Code   RO          216    i.NMI_Handler       stm32f1xx_it.o
    0x080043b6   0x080043b6   0x00000002   PAD
    0x080043b8   0x080043b8   0x000000e0   Code   RO          451    i.PID_Calculate     pid_controller.o
    0x08004498   0x08004498   0x00000034   Code   RO          452    i.PID_Init          pid_controller.o
    0x080044cc   0x080044cc   0x00000010   Code   RO          453    i.PID_Reset         pid_controller.o
    0x080044dc   0x080044dc   0x00000002   Code   RO          217    i.PendSV_Handler    stm32f1xx_it.o
    0x080044de   0x080044de   0x00000002   PAD
    0x080044e0   0x080044e0   0x000004a0   Code   RO          494    i.Process_Serial_Command  serial_interface.o
    0x08004980   0x08004980   0x00000002   Code   RO          218    i.SVC_Handler       stm32f1xx_it.o
    0x08004982   0x08004982   0x00000004   Code   RO          219    i.SysTick_Handler   stm32f1xx_it.o
    0x08004986   0x08004986   0x0000005e   Code   RO           20    i.SystemClock_Config  main.o
    0x080049e4   0x080049e4   0x00000002   Code   RO         2872    i.SystemInit        system_stm32f1xx.o
    0x080049e6   0x080049e6   0x00000002   PAD
    0x080049e8   0x080049e8   0x0000000c   Code   RO          220    i.TIM3_IRQHandler   stm32f1xx_it.o
    0x080049f4   0x080049f4   0x0000009c   Code   RO          653    i.TIM_Base_SetConfig  stm32f1xx_hal_tim.o
    0x08004a90   0x08004a90   0x0000001a   Code   RO          654    i.TIM_CCxChannelCmd  stm32f1xx_hal_tim.o
    0x08004aaa   0x08004aaa   0x00000002   PAD
    0x08004aac   0x08004aac   0x00000060   Code   RO          666    i.TIM_OC1_SetConfig  stm32f1xx_hal_tim.o
    0x08004b0c   0x08004b0c   0x0000006c   Code   RO          667    i.TIM_OC2_SetConfig  stm32f1xx_hal_tim.o
    0x08004b78   0x08004b78   0x00000068   Code   RO          668    i.TIM_OC3_SetConfig  stm32f1xx_hal_tim.o
    0x08004be0   0x08004be0   0x00000050   Code   RO          669    i.TIM_OC4_SetConfig  stm32f1xx_hal_tim.o
    0x08004c30   0x08004c30   0x00000010   Code   RO         2551    i.UART_DMAAbortOnError  stm32f1xx_hal_uart.o
    0x08004c40   0x08004c40   0x0000004e   Code   RO         2561    i.UART_EndRxTransfer  stm32f1xx_hal_uart.o
    0x08004c8e   0x08004c8e   0x000000c2   Code   RO         2563    i.UART_Receive_IT   stm32f1xx_hal_uart.o
    0x08004d50   0x08004d50   0x000000b8   Code   RO         2564    i.UART_SetConfig    stm32f1xx_hal_uart.o
    0x08004e08   0x08004e08   0x00000036   Code   RO         2566    i.UART_Start_Receive_IT  stm32f1xx_hal_uart.o
    0x08004e3e   0x08004e3e   0x00000072   Code   RO         2567    i.UART_WaitOnFlagUntilTimeout  stm32f1xx_hal_uart.o
    0x08004eb0   0x08004eb0   0x0000000c   Code   RO          221    i.USART1_IRQHandler  stm32f1xx_it.o
    0x08004ebc   0x08004ebc   0x00000002   Code   RO          222    i.UsageFault_Handler  stm32f1xx_it.o
    0x08004ebe   0x08004ebe   0x00000002   PAD
    0x08004ec0   0x08004ec0   0x00000034   Code   RO           21    i.Vofa_SendData     main.o
    0x08004ef4   0x08004ef4   0x00000028   Code   RO         3107    i.__ARM_fpclassify  m_ws.l(fpclassify.o)
    0x08004f1c   0x08004f1c   0x00000020   Code   RO         2021    i.__NVIC_SetPriority  stm32f1xx_hal_cortex.o
    0x08004f3c   0x08004f3c   0x0000000e   Code   RO         3432    i.__mathlib_dbl_overflow  m_ws.l(dunder.o)
    0x08004f4a   0x08004f4a   0x00000002   PAD
    0x08004f4c   0x08004f4c   0x00000010   Code   RO         3434    i.__mathlib_dbl_underflow  m_ws.l(dunder.o)
    0x08004f5c   0x08004f5c   0x00000010   Code   RO         3109    i.__mathlib_narrow  m_ws.l(narrow.o)
    0x08004f6c   0x08004f6c   0x000000bc   Code   RO         3110    i.__mathlib_tofloat  m_ws.l(narrow.o)
    0x08005028   0x08005028   0x00000016   Code   RO         3367    i.__support_ldexp   m_ws.l(ldexp.o)
    0x0800503e   0x0800503e   0x0000000e   Code   RO         2930    i._is_digit         c_w.l(__printf_wp.o)
    0x0800504c   0x0800504c   0x0000001a   Code   RO         3081    i.fputc             c_w.l(fputc.o)
    0x08005066   0x08005066   0x00000002   PAD
    0x08005068   0x08005068   0x00000058   Code   RO         3290    i.frexp             m_ws.l(frexp.o)
    0x080050c0   0x080050c0   0x00000074   Code   RO         3368    i.ldexp             m_ws.l(ldexp.o)
    0x08005134   0x08005134   0x000002d0   Code   RO           23    i.main              main.o
    0x08005404   0x08005404   0x0000002c   Code   RO         3093    locale$$code        c_w.l(lc_numeric_c.o)
    0x08005430   0x08005430   0x0000002c   Code   RO         3342    locale$$code        c_w.l(lc_ctype_c.o)
    0x0800545c   0x0800545c   0x00000062   Code   RO         3283    x$fpl$d2f           fz_ws.l(d2f.o)
    0x080054be   0x080054be   0x00000002   PAD
    0x080054c0   0x080054c0   0x00000010   Code   RO         3426    x$fpl$dcheck1       fz_ws.l(dcheck1.o)
    0x080054d0   0x080054d0   0x00000018   Code   RO         3356    x$fpl$dcmpinf       fz_ws.l(dcmpi.o)
    0x080054e8   0x080054e8   0x00000078   Code   RO         3285    x$fpl$deqf          fz_ws.l(deqf.o)
    0x08005560   0x08005560   0x00000078   Code   RO         3358    x$fpl$dleqf         fz_ws.l(dleqf.o)
    0x080055d8   0x080055d8   0x0000009c   Code   RO         3360    x$fpl$dnaninf       fz_ws.l(dnaninf.o)
    0x08005674   0x08005674   0x0000000c   Code   RO         3009    x$fpl$dretinf       fz_ws.l(dretinf.o)
    0x08005680   0x08005680   0x0000006c   Code   RO         3287    x$fpl$drleqf        fz_ws.l(drleqf.o)
    0x080056ec   0x080056ec   0x00000056   Code   RO         2955    x$fpl$f2d           fz_ws.l(f2d.o)
    0x08005742   0x08005742   0x00000002   PAD
    0x08005744   0x08005744   0x000000c4   Code   RO         2957    x$fpl$fadd          fz_ws.l(faddsub_clz.o)
    0x08005808   0x08005808   0x00000018   Code   RO         3011    x$fpl$fcmpinf       fz_ws.l(fcmpi.o)
    0x08005820   0x08005820   0x00000184   Code   RO         2964    x$fpl$fdiv          fz_ws.l(fdiv.o)
    0x080059a4   0x080059a4   0x00000036   Code   RO         2967    x$fpl$ffix          fz_ws.l(ffix.o)
    0x080059da   0x080059da   0x00000002   PAD
    0x080059dc   0x080059dc   0x00000030   Code   RO         2972    x$fpl$fflt          fz_ws.l(fflt_clz.o)
    0x08005a0c   0x08005a0c   0x00000026   Code   RO         2971    x$fpl$ffltu         fz_ws.l(fflt_clz.o)
    0x08005a32   0x08005a32   0x00000002   PAD
    0x08005a34   0x08005a34   0x00000068   Code   RO         2977    x$fpl$fleqf         fz_ws.l(fleqf.o)
    0x08005a9c   0x08005a9c   0x00000102   Code   RO         2979    x$fpl$fmul          fz_ws.l(fmul.o)
    0x08005b9e   0x08005b9e   0x0000008c   Code   RO         3013    x$fpl$fnaninf       fz_ws.l(fnaninf.o)
    0x08005c2a   0x08005c2a   0x0000000a   Code   RO         3015    x$fpl$fretinf       fz_ws.l(fretinf.o)
    0x08005c34   0x08005c34   0x00000062   Code   RO         2981    x$fpl$frleqf        fz_ws.l(frleqf.o)
    0x08005c96   0x08005c96   0x00000002   PAD
    0x08005c98   0x08005c98   0x000000ea   Code   RO         2959    x$fpl$fsub          fz_ws.l(faddsub_clz.o)
    0x08005d82   0x08005d82   0x00000006   Code   RO         3099    x$fpl$ieeestatus    fz_ws.l(istatus.o)
    0x08005d88   0x08005d88   0x00000004   Code   RO         2983    x$fpl$printf1       fz_ws.l(printf1.o)
    0x08005d8c   0x08005d8c   0x00000064   Code   RO         3470    x$fpl$retnan        fz_ws.l(retnan.o)
    0x08005df0   0x08005df0   0x0000005c   Code   RO         3364    x$fpl$scalbn        fz_ws.l(scalbn.o)
    0x08005e4c   0x08005e4c   0x00000004   Code   RO         2985    x$fpl$scanf1        fz_ws.l(scanf1.o)
    0x08005e50   0x08005e50   0x00000008   Code   RO         3101    x$fpl$scanf2        fz_ws.l(scanf2.o)
    0x08005e58   0x08005e58   0x00000030   Code   RO         3490    x$fpl$trapveneer    fz_ws.l(trapv.o)
    0x08005e88   0x08005e88   0x00000000   Code   RO         3017    x$fpl$usenofp       fz_ws.l(usenofp.o)
    0x08005e88   0x08005e88   0x00000012   Data   RO         1719    .constdata          stm32f1xx_hal_rcc.o
    0x08005e9a   0x08005e9a   0x00000010   Data   RO         2873    .constdata          system_stm32f1xx.o
    0x08005eaa   0x08005eaa   0x00000008   Data   RO         2874    .constdata          system_stm32f1xx.o
    0x08005eb2   0x08005eb2   0x00000002   PAD
    0x08005eb4   0x08005eb4   0x00000094   Data   RO         3054    .constdata          c_w.l(bigflt0.o)
    0x08005f48   0x08005f48   0x00000004   Data   RO         3116    .constdata          c_w.l(sys_io.o)
    0x08005f4c   0x08005f4c   0x00000004   Data   RO         3117    .constdata          c_w.l(sys_io.o)
    0x08005f50   0x08005f50   0x00000004   Data   RO         3118    .constdata          c_w.l(sys_io.o)
    0x08005f54   0x08005f54   0x0000009d   Data   RO           25    .conststring        main.o
    0x08005ff1   0x08005ff1   0x00000003   PAD
    0x08005ff4   0x08005ff4   0x00000020   Data   RO         3492    Region$$Table       anon$$obj.o
    0x08006014   0x08006014   0x00000008   Data   RO         3095    c$$dinf             fz_ws.l(fpconst.o)
    0x0800601c   0x0800601c   0x00000008   Data   RO         3098    c$$dmax             fz_ws.l(fpconst.o)
    0x08006024   0x08006024   0x0000001c   Data   RO         3092    locale$$data        c_w.l(lc_numeric_c.o)
    0x08006040   0x08006040   0x00000110   Data   RO         3341    locale$$data        c_w.l(lc_ctype_c.o)


    Execution Region RW_IRAM1 (Exec base: 0x20000000, Load base: 0x08006150, Size: 0x00000900, Max: 0x0000c000, ABSOLUTE)

    Exec Addr    Load Addr    Size         Type   Attr      Idx    E Section Name        Object

    0x20000000   0x08006150   0x0000000c   Data   RW           26    .data               main.o
    0x2000000c   0x0800615c   0x00000004   Data   RW          373    .data               encoder.o
    0x20000010   0x08006160   0x00000004   Data   RW          455    .data               pid_controller.o
    0x20000014   0x08006164   0x0000000c   Data   RW         1556    .data               stm32f1xx_hal.o
    0x20000020   0x08006170   0x00000004   Data   RW         2875    .data               system_stm32f1xx.o
    0x20000024   0x08006174   0x00000004   Data   RW         3006    .data               c_w.l(stdio_streams.o)
    0x20000028   0x08006178   0x00000004   Data   RW         3007    .data               c_w.l(stdio_streams.o)
    0x2000002c   0x0800617c   0x00000004   Data   RW         3008    .data               c_w.l(stdio_streams.o)
    0x20000030        -       0x0000013c   Zero   RW           24    .bss                main.o
    0x2000016c        -       0x00000014   Zero   RW          411    .bss                motor_control.o
    0x20000180        -       0x00000024   Zero   RW          454    .bss                pid_controller.o
    0x200001a4        -       0x00000054   Zero   RW         3003    .bss                c_w.l(stdio_streams.o)
    0x200001f8        -       0x00000054   Zero   RW         3004    .bss                c_w.l(stdio_streams.o)
    0x2000024c        -       0x00000054   Zero   RW         3005    .bss                c_w.l(stdio_streams.o)
    0x200002a0        -       0x00000060   Zero   RW         3121    .bss                c_w.l(libspace.o)
    0x20000300        -       0x00000200   Zero   RW            2    HEAP                startup_stm32f103xe.o
    0x20000500        -       0x00000400   Zero   RW            1    STACK               startup_stm32f103xe.o


==============================================================================

Image component sizes


      Code (inc. data)   RO Data    RW Data    ZI Data      Debug   Object Name

       112         32          0          4          0       1965   encoder.o
      1334        380        157         12        316     492656   main.o
       152         22          0          0         20       1747   motor_control.o
       292         48          0          4         36       2719   pid_controller.o
      1184        820          0          0          0        945   serial_interface.o
        64         26        304          0       1536        808   startup_stm32f103xe.o
       164         28          0         12          0       6497   stm32f1xx_hal.o
       198         14          0          0          0      28935   stm32f1xx_hal_cortex.o
       374          8          0          0          0       1831   stm32f1xx_hal_dma.o
       514         42          0          0          0       2900   stm32f1xx_hal_gpio.o
       420         54          0          0          0       3507   stm32f1xx_hal_msp.o
      1240         84         18          0          0       5112   stm32f1xx_hal_rcc.o
      1702         78          0          0          0      13197   stm32f1xx_hal_tim.o
       128         20          0          0          0       2401   stm32f1xx_hal_tim_ex.o
      1554         10          0          0          0      10932   stm32f1xx_hal_uart.o
        44         12          0          0          0       4728   stm32f1xx_it.o
         2          0         24          4          0       1115   system_stm32f1xx.o

    ----------------------------------------------------------------------
      9500       1678        540         36       1908     581995   Object Totals
         0          0         32          0          0          0   (incl. Generated)
        22          0          5          0          0          0   (incl. Padding)

    ----------------------------------------------------------------------

      Code (inc. data)   RO Data    RW Data    ZI Data      Debug   Library Member Name

        60          8          0          0          0         84   __0sscanf.o
         8          0          0          0          0         68   __main.o
       284          0          0          0          0        156   __printf_wp.o
         0          0          0          0          0          0   __rtentry.o
        12          0          0          0          0          0   __rtentry2.o
         6          0          0          0          0          0   __rtentry4.o
        52          8          0          0          0          0   __scatter.o
        26          0          0          0          0          0   __scatter_copy.o
        28          0          0          0          0          0   __scatter_zi.o
        28          0          0          0          0         68   _chval.o
        44          0          0          0          0        108   _printf_char.o
        48          6          0          0          0         96   _printf_char_common.o
        36          4          0          0          0         80   _printf_char_file.o
         6          0          0          0          0          0   _printf_d.o
       120         16          0          0          0         92   _printf_dec.o
         6          0          0          0          0          0   _printf_f.o
      1054          0          0          0          0        216   _printf_fp_dec.o
       128         16          0          0          0         84   _printf_fp_infnan.o
       178          0          0          0          0         88   _printf_intcommon.o
         0          0          0          0          0          0   _printf_percent.o
         4          0          0          0          0          0   _printf_percent_end.o
         6          0          0          0          0          0   _printf_s.o
        82          0          0          0          0         80   _printf_str.o
         6          0          0          0          0          0   _printf_u.o
        22          0          0          0          0        100   _rserrno.o
       884          4          0          0          0        100   _scanf.o
        64          0          0          0          0         84   _sgetc.o
       228          4        148          0          0         96   bigflt0.o
      2152        136          0          0          0        960   btod.o
        10          0          0          0          0         68   defsig_exit.o
        50          0          0          0          0         88   defsig_general.o
        80         58          0          0          0         76   defsig_rtmem_inner.o
        14          0          0          0          0         80   defsig_rtmem_outer.o
        52         38          0          0          0         76   defsig_rtred_inner.o
        14          0          0          0          0         80   defsig_rtred_outer.o
        18          0          0          0          0         80   exit.o
        76          0          0          0          0         88   fclose.o
         8          0          0          0          0         68   ferror.o
       470          0          0          0          0         88   flsbuf.o
       236          4          0          0          0        128   fopen.o
        26          0          0          0          0         68   fputc.o
       248          6          0          0          0         84   fseek.o
        66          0          0          0          0         76   ftell.o
        94          0          0          0          0         80   h1_alloc.o
        52          0          0          0          0         68   h1_extend.o
        78          0          0          0          0         80   h1_free.o
        14          0          0          0          0         84   h1_init.o
         6          0          0          0          0        152   heapauxi.o
         4          0          0          0          0        136   hguard.o
         0          0          0          0          0          0   indicate_semi.o
       138          0          0          0          0        168   init_alloc.o
       312         46          0          0          0        112   initio.o
        18          0          0          0          0         76   isspace.o
        44         10        272          0          0         76   lc_ctype_c.o
        44         10         28          0          0         76   lc_numeric_c.o
         2          0          0          0          0          0   libinit.o
        42          0          0          0          0          0   libinit2.o
         2          0          0          0          0          0   libshutdown.o
         6          0          0          0          0          0   libshutdown2.o
         8          4          0          0         96         68   libspace.o
        38          0          0          0          0         68   llshl.o
       138          0          0          0          0         80   lludiv10.o
         0          0          0          0          0          0   maybetermalloc1.o
        24          4          0          0          0         84   noretval__2printf.o
        16          4          0          0          0         76   rt_ctype_table.o
         8          4          0          0          0         68   rt_errno_addr_intlibspace.o
         8          4          0          0          0         68   rt_heap_descriptor_intlibspace.o
         8          4          0          0          0         68   rt_locale_intlibspace.o
        78          0          0          0          0         80   rt_memclr_w.o
         2          0          0          0          0          0   rtexit.o
        10          0          0          0          0          0   rtexit2.o
        44          8          0          0          0         84   scanf_char.o
      1272         16          0          0          0        168   scanf_fp.o
       800         14          0          0          0        100   scanf_hexfp.o
       308         16          0          0          0        100   scanf_infnan.o
        70          0          0          0          0         80   setvbuf.o
       240          6          0          0          0        156   stdio.o
         0          0          0         12        252          0   stdio_streams.o
       128          0          0          0          0         68   strcmpv7m.o
        62          0          0          0          0         76   strlen.o
        12          4          0          0          0         68   sys_exit.o
       102          0         12          0          0        240   sys_io.o
        74          0          0          0          0         80   sys_stackheap_outer.o
        14          0          0          0          0         76   sys_wrch.o
         2          0          0          0          0         68   use_no_semi.o
        98          4          0          0          0         92   d2f.o
        16          4          0          0          0         68   dcheck1.o
        24          0          0          0          0         68   dcmpi.o
       120          4          0          0          0         92   deqf.o
       120          4          0          0          0         92   dleqf.o
       156          4          0          0          0         92   dnaninf.o
        12          0          0          0          0         68   dretinf.o
       108          0          0          0          0         80   drleqf.o
        86          4          0          0          0         84   f2d.o
       430          8          0          0          0        168   faddsub_clz.o
        24          0          0          0          0         68   fcmpi.o
       388         76          0          0          0         96   fdiv.o
        54          4          0          0          0         84   ffix.o
        86          0          0          0          0        136   fflt_clz.o
       104          4          0          0          0         84   fleqf.o
       258          4          0          0          0         84   fmul.o
       140          4          0          0          0         84   fnaninf.o
         0          0         16          0          0          0   fpconst.o
        10          0          0          0          0         68   fretinf.o
        98          0          0          0          0         68   frleqf.o
         6          0          0          0          0         68   istatus.o
         4          0          0          0          0         68   printf1.o
       100          0          0          0          0         68   retnan.o
        92          0          0          0          0         68   scalbn.o
         4          0          0          0          0         68   scanf1.o
         8          0          0          0          0         84   scanf2.o
        48          0          0          0          0         68   trapv.o
         0          0          0          0          0          0   usenofp.o
        30          6          0          0          0        136   dunder.o
        40          0          0          0          0         68   fpclassify.o
        88          8          0          0          0         76   frexp.o
       138          0          0          0          0        160   ldexp.o
       204          4          0          0          0        168   narrow.o

    ----------------------------------------------------------------------
     14396        604        476         12        348       9616   Library Totals
        40          0          0          0          0          0   (incl. Padding)

    ----------------------------------------------------------------------

      Code (inc. data)   RO Data    RW Data    ZI Data      Debug   Library Name

     11262        462        460         12        348       6840   c_w.l
      2594        124         16          0          0       2168   fz_ws.l
       500         18          0          0          0        608   m_ws.l

    ----------------------------------------------------------------------
     14396        604        476         12        348       9616   Library Totals

    ----------------------------------------------------------------------

==============================================================================


      Code (inc. data)   RO Data    RW Data    ZI Data      Debug   

     23896       2282       1016         48       2256     581831   Grand Totals
     23896       2282       1016         48       2256     581831   ELF Image Totals
     23896       2282       1016         48          0          0   ROM Totals

==============================================================================

    Total RO  Size (Code + RO Data)                24912 (  24.33kB)
    Total RW  Size (RW Data + ZI Data)              2304 (   2.25kB)
    Total ROM Size (Code + RO Data + RW Data)      24960 (  24.38kB)

==============================================================================

